type=USER_END msg=audit(1753972964.247:21769653): pid=598751 uid=1000 auid=1000 ses=3 subj=unconfined msg='op=PAM:session_close grantors=pam_limits,pam_env,pam_env,pam_permit,pam_umask,pam_unix acct="root" exe="/usr/bin/sudo" hostname=? addr=? terminal=/dev/pts/31 res=success'UID="jiayi" AUID="jiayi"
type=CRED_DISP msg=audit(1753972964.247:21769654): pid=598751 uid=1000 auid=1000 ses=3 subj=unconfined msg='op=PAM:setcred grantors=pam_permit acct="root" exe="/usr/bin/sudo" hostname=? addr=? terminal=/dev/pts/31 res=success'UID="jiayi" AUID="jiayi"
type=USER_ACCT msg=audit(1753972979.332:21769655): pid=598755 uid=1000 auid=1000 ses=3 subj=unconfined msg='op=PAM:accounting grantors=pam_permit acct="jiayi" exe="/usr/bin/sudo" hostname=? addr=? terminal=/dev/pts/31 res=success'UID="jiayi" AUID="jiayi"
type=USER_CMD msg=audit(1753972979.336:21769656): pid=598755 uid=1000 auid=1000 ses=3 subj=unconfined msg='cwd="/home/jiayi/SecurityLogs" cmd=5241532F7363656E6172696F2D73656375726974796C6F67732F736372697074732F6E6574776F726B5F636170747572652E7368202D2D7374617274206D697865642D706172616C6C656C2D32303235303733312D313434313437 exe="/usr/bin/sudo" terminal=pts/31 res=success'UID="jiayi" AUID="jiayi"
type=CRED_REFR msg=audit(1753972979.336:21769657): pid=598755 uid=1000 auid=1000 ses=3 subj=unconfined msg='op=PAM:setcred grantors=pam_permit,pam_cap acct="root" exe="/usr/bin/sudo" hostname=? addr=? terminal=/dev/pts/31 res=success'UID="jiayi" AUID="jiayi"
type=USER_START msg=audit(1753972979.336:21769658): pid=598755 uid=1000 auid=1000 ses=3 subj=unconfined msg='op=PAM:session_open grantors=pam_limits,pam_env,pam_env,pam_permit,pam_umask,pam_unix acct="root" exe="/usr/bin/sudo" hostname=? addr=? terminal=/dev/pts/31 res=success'UID="jiayi" AUID="jiayi"
type=USER_END msg=audit(1753972979.456:21769659): pid=598755 uid=1000 auid=1000 ses=3 subj=unconfined msg='op=PAM:session_close grantors=pam_limits,pam_env,pam_env,pam_permit,pam_umask,pam_unix acct="root" exe="/usr/bin/sudo" hostname=? addr=? terminal=/dev/pts/31 res=success'UID="jiayi" AUID="jiayi"
type=CRED_DISP msg=audit(1753972979.456:21769660): pid=598755 uid=1000 auid=1000 ses=3 subj=unconfined msg='op=PAM:setcred grantors=pam_permit acct="root" exe="/usr/bin/sudo" hostname=? addr=? terminal=/dev/pts/31 res=success'UID="jiayi" AUID="jiayi"
type=ANOM_PROMISCUOUS msg=audit(1753972994.900:21769661): dev=veth5fa2445 prom=256 old_prom=0 auid=4294967295 uid=0 gid=0 ses=4294967295AUID="unset" UID="root" GID="root"
type=SYSCALL msg=audit(1753972994.900:21769661): arch=c00000b7 syscall=206 success=yes exit=40 a0=d a1=40009f9080 a2=28 a3=0 items=0 ppid=1 pid=1120 auid=4294967295 uid=0 gid=0 euid=0 suid=0 fsuid=0 egid=0 sgid=0 fsgid=0 tty=(none) ses=4294967295 comm="dockerd" exe="/usr/bin/dockerd" subj=unconfined key=(null)ARCH=aarch64 SYSCALL=sendto AUID="unset" UID="root" GID="root" EUID="root" SUID="root" FSUID="root" EGID="root" SGID="root" FSGID="root"
type=PROCTITLE msg=audit(1753972994.900:21769661): proctitle=2F7573722F62696E2F646F636B657264002D480066643A2F2F002D2D636F6E7461696E6572643D2F72756E2F636F6E7461696E6572642F636F6E7461696E6572642E736F636B
type=BPF msg=audit(1753972995.060:21769662): prog-id=2772 op=LOAD
type=BPF msg=audit(1753972995.060:21769663): prog-id=2773 op=LOAD
type=SYSCALL msg=audit(1753972995.060:21769663): arch=c00000b7 syscall=280 success=yes exit=19 a0=5 a1=40001af308 a2=90 a3=0 items=0 ppid=598916 pid=598926 auid=4294967295 uid=0 gid=0 euid=0 suid=0 fsuid=0 egid=0 sgid=0 fsgid=0 tty=(none) ses=4294967295 comm="runc" exe="/usr/sbin/runc" subj=unconfined key=(null)ARCH=aarch64 SYSCALL=bpf AUID="unset" UID="root" GID="root" EUID="root" SUID="root" FSUID="root" EGID="root" SGID="root" FSGID="root"
type=PROCTITLE msg=audit(1753972995.060:21769663): proctitle=72756E63002D2D726F6F74002F7661722F72756E2F646F636B65722F72756E74696D652D72756E632F6D6F6279002D2D6C6F67002F72756E2F636F6E7461696E6572642F696F2E636F6E7461696E6572642E72756E74696D652E76322E7461736B2F6D6F62792F38663836653462643462373539363630393766643933636630
type=BPF msg=audit(1753972995.060:21769664): prog-id=2773 op=UNLOAD
type=BPF msg=audit(1753972995.060:21769665): prog-id=2774 op=LOAD
type=SYSCALL msg=audit(1753972995.060:21769665): arch=c00000b7 syscall=280 success=yes exit=19 a0=5 a1=40001af488 a2=90 a3=0 items=0 ppid=598916 pid=598926 auid=4294967295 uid=0 gid=0 euid=0 suid=0 fsuid=0 egid=0 sgid=0 fsgid=0 tty=(none) ses=4294967295 comm="runc" exe="/usr/sbin/runc" subj=unconfined key=(null)ARCH=aarch64 SYSCALL=bpf AUID="unset" UID="root" GID="root" EUID="root" SUID="root" FSUID="root" EGID="root" SGID="root" FSGID="root"
type=PROCTITLE msg=audit(1753972995.060:21769665): proctitle=72756E63002D2D726F6F74002F7661722F72756E2F646F636B65722F72756E74696D652D72756E632F6D6F6279002D2D6C6F67002F72756E2F636F6E7461696E6572642F696F2E636F6E7461696E6572642E72756E74696D652E76322E7461736B2F6D6F62792F38663836653462643462373539363630393766643933636630
type=BPF msg=audit(1753972995.060:21769666): prog-id=2775 op=LOAD
type=SYSCALL msg=audit(1753972995.060:21769666): arch=c00000b7 syscall=280 success=yes exit=21 a0=5 a1=40001af208 a2=90 a3=0 items=0 ppid=598916 pid=598926 auid=4294967295 uid=0 gid=0 euid=0 suid=0 fsuid=0 egid=0 sgid=0 fsgid=0 tty=(none) ses=4294967295 comm="runc" exe="/usr/sbin/runc" subj=unconfined key=(null)ARCH=aarch64 SYSCALL=bpf AUID="unset" UID="root" GID="root" EUID="root" SUID="root" FSUID="root" EGID="root" SGID="root" FSGID="root"
type=PROCTITLE msg=audit(1753972995.060:21769666): proctitle=72756E63002D2D726F6F74002F7661722F72756E2F646F636B65722F72756E74696D652D72756E632F6D6F6279002D2D6C6F67002F72756E2F636F6E7461696E6572642F696F2E636F6E7461696E6572642E72756E74696D652E76322E7461736B2F6D6F62792F38663836653462643462373539363630393766643933636630
type=BPF msg=audit(1753972995.060:21769667): prog-id=2775 op=UNLOAD
type=BPF msg=audit(1753972995.060:21769668): prog-id=2774 op=UNLOAD
type=BPF msg=audit(1753972995.060:21769669): prog-id=2776 op=LOAD
type=SYSCALL msg=audit(1753972995.060:21769669): arch=c00000b7 syscall=280 success=yes exit=19 a0=5 a1=40001af6f8 a2=90 a3=0 items=0 ppid=598916 pid=598926 auid=4294967295 uid=0 gid=0 euid=0 suid=0 fsuid=0 egid=0 sgid=0 fsgid=0 tty=(none) ses=4294967295 comm="runc" exe="/usr/sbin/runc" subj=unconfined key=(null)ARCH=aarch64 SYSCALL=bpf AUID="unset" UID="root" GID="root" EUID="root" SUID="root" FSUID="root" EGID="root" SGID="root" FSGID="root"
type=PROCTITLE msg=audit(1753972995.060:21769669): proctitle=72756E63002D2D726F6F74002F7661722F72756E2F646F636B65722F72756E74696D652D72756E632F6D6F6279002D2D6C6F67002F72756E2F636F6E7461696E6572642F696F2E636F6E7461696E6572642E72756E74696D652E76322E7461736B2F6D6F62792F38663836653462643462373539363630393766643933636630
type=NETFILTER_CFG msg=audit(1753972995.144:21769670): table=nat:2 family=2 entries=2 op=nft_register_chain pid=598952 subj=unconfined comm="iptables"
type=SYSCALL msg=audit(1753972995.144:21769670): arch=c00000b7 syscall=211 success=yes exit=124 a0=3 a1=ffffff927c80 a2=0 a3=ffffac54d420 items=0 ppid=1120 pid=598952 auid=4294967295 uid=0 gid=0 euid=0 suid=0 fsuid=0 egid=0 sgid=0 fsgid=0 tty=(none) ses=4294967295 comm="iptables" exe="/usr/sbin/xtables-nft-multi" subj=unconfined key=(null)ARCH=aarch64 SYSCALL=sendmsg AUID="unset" UID="root" GID="root" EUID="root" SUID="root" FSUID="root" EGID="root" SGID="root" FSGID="root"
type=PROCTITLE msg=audit(1753972995.144:21769670): proctitle=2F7573722F7362696E2F69707461626C6573002D2D77616974002D74006E6174002D4E00444F434B45525F4F5554505554
type=NETFILTER_CFG msg=audit(1753972995.152:21769671): table=nat:3 family=2 entries=2 op=nft_register_chain pid=598953 subj=unconfined comm="iptables"
type=SYSCALL msg=audit(1753972995.152:21769671): arch=c00000b7 syscall=211 success=yes exit=396 a0=3 a1=ffffd12eda70 a2=0 a3=ffff80e4f420 items=0 ppid=1120 pid=598953 auid=4294967295 uid=0 gid=0 euid=0 suid=0 fsuid=0 egid=0 sgid=0 fsgid=0 tty=(none) ses=4294967295 comm="iptables" exe="/usr/sbin/xtables-nft-multi" subj=unconfined key=(null)ARCH=aarch64 SYSCALL=sendmsg AUID="unset" UID="root" GID="root" EUID="root" SUID="root" FSUID="root" EGID="root" SGID="root" FSGID="root"
type=PROCTITLE msg=audit(1753972995.152:21769671): proctitle=2F7573722F7362696E2F69707461626C6573002D2D77616974002D74006E6174002D49004F5554505554002D64003132372E302E302E3131002D6A00444F434B45525F4F5554505554
type=NETFILTER_CFG msg=audit(1753972995.152:21769672): table=nat:4 family=2 entries=1 op=nft_register_chain pid=598955 subj=unconfined comm="iptables"
type=SYSCALL msg=audit(1753972995.152:21769672): arch=c00000b7 syscall=211 success=yes exit=100 a0=3 a1=ffffcde4b920 a2=0 a3=ffffad1e5420 items=0 ppid=1120 pid=598955 auid=4294967295 uid=0 gid=0 euid=0 suid=0 fsuid=0 egid=0 sgid=0 fsgid=0 tty=(none) ses=4294967295 comm="iptables" exe="/usr/sbin/xtables-nft-multi" subj=unconfined key=(null)ARCH=aarch64 SYSCALL=sendmsg AUID="unset" UID="root" GID="root" EUID="root" SUID="root" FSUID="root" EGID="root" SGID="root" FSGID="root"
type=PROCTITLE msg=audit(1753972995.152:21769672): proctitle=2F7573722F7362696E2F69707461626C6573002D2D77616974002D74006E6174002D4E00444F434B45525F504F5354524F5554494E47
type=NETFILTER_CFG msg=audit(1753972995.156:21769673): table=nat:5 family=2 entries=2 op=nft_register_chain pid=598956 subj=unconfined comm="iptables"
type=SYSCALL msg=audit(1753972995.156:21769673): arch=c00000b7 syscall=211 success=yes exit=408 a0=3 a1=ffffdc0da390 a2=0 a3=ffff8a7b2420 items=0 ppid=1120 pid=598956 auid=4294967295 uid=0 gid=0 euid=0 suid=0 fsuid=0 egid=0 sgid=0 fsgid=0 tty=(none) ses=4294967295 comm="iptables" exe="/usr/sbin/xtables-nft-multi" subj=unconfined key=(null)ARCH=aarch64 SYSCALL=sendmsg AUID="unset" UID="root" GID="root" EUID="root" SUID="root" FSUID="root" EGID="root" SGID="root" FSGID="root"
type=PROCTITLE msg=audit(1753972995.156:21769673): proctitle=2F7573722F7362696E2F69707461626C6573002D2D77616974002D74006E6174002D4900504F5354524F5554494E47002D64003132372E302E302E3131002D6A00444F434B45525F504F5354524F5554494E47
type=NETFILTER_CFG msg=audit(1753972995.160:21769674): table=nat:6 family=2 entries=1 op=nft_register_rule pid=598957 subj=unconfined comm="iptables"
type=SYSCALL msg=audit(1753972995.160:21769674): arch=c00000b7 syscall=211 success=yes exit=488 a0=3 a1=ffffe218cb00 a2=0 a3=ffffae6fc420 items=0 ppid=1120 pid=598957 auid=4294967295 uid=0 gid=0 euid=0 suid=0 fsuid=0 egid=0 sgid=0 fsgid=0 tty=(none) ses=4294967295 comm="iptables" exe="/usr/sbin/xtables-nft-multi" subj=unconfined key=(null)ARCH=aarch64 SYSCALL=sendmsg AUID="unset" UID="root" GID="root" EUID="root" SUID="root" FSUID="root" EGID="root" SGID="root" FSGID="root"
type=PROCTITLE msg=audit(1753972995.160:21769674): proctitle=2F7573722F7362696E2F69707461626C6573002D2D77616974002D74006E6174002D4900444F434B45525F4F5554505554002D64003132372E302E302E3131002D7000756470002D2D64706F7274003533002D6A00444E4154002D2D746F2D64657374696E6174696F6E003132372E302E302E31313A3337353037
type=NETFILTER_CFG msg=audit(1753972995.160:21769675): table=nat:7 family=2 entries=1 op=nft_register_rule pid=598958 subj=unconfined comm="iptables"
type=SYSCALL msg=audit(1753972995.160:21769675): arch=c00000b7 syscall=211 success=yes exit=468 a0=3 a1=ffffcbef73e0 a2=0 a3=ffff889e9420 items=0 ppid=1120 pid=598958 auid=4294967295 uid=0 gid=0 euid=0 suid=0 fsuid=0 egid=0 sgid=0 fsgid=0 tty=(none) ses=4294967295 comm="iptables" exe="/usr/sbin/xtables-nft-multi" subj=unconfined key=(null)ARCH=aarch64 SYSCALL=sendmsg AUID="unset" UID="root" GID="root" EUID="root" SUID="root" FSUID="root" EGID="root" SGID="root" FSGID="root"
type=PROCTITLE msg=audit(1753972995.160:21769675): proctitle=2F7573722F7362696E2F69707461626C6573002D2D77616974002D74006E6174002D4900444F434B45525F504F5354524F5554494E47002D73003132372E302E302E3131002D7000756470002D2D73706F7274003337353037002D6A00534E4154002D2D746F2D736F75726365003A3533
type=NETFILTER_CFG msg=audit(1753972995.164:21769676): table=nat:8 family=2 entries=1 op=nft_register_rule pid=598959 subj=unconfined comm="iptables"
type=SYSCALL msg=audit(1753972995.164:21769676): arch=c00000b7 syscall=211 success=yes exit=488 a0=3 a1=ffffcd9d75f0 a2=0 a3=ffff88e47420 items=0 ppid=1120 pid=598959 auid=4294967295 uid=0 gid=0 euid=0 suid=0 fsuid=0 egid=0 sgid=0 fsgid=0 tty=(none) ses=4294967295 comm="iptables" exe="/usr/sbin/xtables-nft-multi" subj=unconfined key=(null)ARCH=aarch64 SYSCALL=sendmsg AUID="unset" UID="root" GID="root" EUID="root" SUID="root" FSUID="root" EGID="root" SGID="root" FSGID="root"
type=PROCTITLE msg=audit(1753972995.164:21769676): proctitle=2F7573722F7362696E2F69707461626C6573002D2D77616974002D74006E6174002D4900444F434B45525F4F5554505554002D64003132372E302E302E3131002D7000746370002D2D64706F7274003533002D6A00444E4154002D2D746F2D64657374696E6174696F6E003132372E302E302E31313A3339333435
type=NETFILTER_CFG msg=audit(1753972995.164:21769677): table=nat:9 family=2 entries=1 op=nft_register_rule pid=598960 subj=unconfined comm="iptables"
type=SYSCALL msg=audit(1753972995.164:21769677): arch=c00000b7 syscall=211 success=yes exit=468 a0=3 a1=fffffee12260 a2=0 a3=ffff8f0fa420 items=0 ppid=1120 pid=598960 auid=4294967295 uid=0 gid=0 euid=0 suid=0 fsuid=0 egid=0 sgid=0 fsgid=0 tty=(none) ses=4294967295 comm="iptables" exe="/usr/sbin/xtables-nft-multi" subj=unconfined key=(null)ARCH=aarch64 SYSCALL=sendmsg AUID="unset" UID="root" GID="root" EUID="root" SUID="root" FSUID="root" EGID="root" SGID="root" FSGID="root"
type=PROCTITLE msg=audit(1753972995.164:21769677): proctitle=2F7573722F7362696E2F69707461626C6573002D2D77616974002D74006E6174002D4900444F434B45525F504F5354524F5554494E47002D73003132372E302E302E3131002D7000746370002D2D73706F7274003339333435002D6A00534E4154002D2D746F2D736F75726365003A3533
type=ANOM_PROMISCUOUS msg=audit(1753973006.098:21769678): dev=veth8978082 prom=256 old_prom=0 auid=4294967295 uid=0 gid=0 ses=4294967295AUID="unset" UID="root" GID="root"
type=SYSCALL msg=audit(1753973006.098:21769678): arch=c00000b7 syscall=206 success=yes exit=40 a0=d a1=4000ac83c0 a2=28 a3=0 items=0 ppid=1 pid=1120 auid=4294967295 uid=0 gid=0 euid=0 suid=0 fsuid=0 egid=0 sgid=0 fsgid=0 tty=(none) ses=4294967295 comm="dockerd" exe="/usr/bin/dockerd" subj=unconfined key=(null)ARCH=aarch64 SYSCALL=sendto AUID="unset" UID="root" GID="root" EUID="root" SUID="root" FSUID="root" EGID="root" SGID="root" FSGID="root"
type=PROCTITLE msg=audit(1753973006.098:21769678): proctitle=2F7573722F62696E2F646F636B657264002D480066643A2F2F002D2D636F6E7461696E6572643D2F72756E2F636F6E7461696E6572642F636F6E7461696E6572642E736F636B
type=BPF msg=audit(1753973006.234:21769679): prog-id=2777 op=LOAD
type=BPF msg=audit(1753973006.234:21769680): prog-id=2778 op=LOAD
type=SYSCALL msg=audit(1753973006.234:21769680): arch=c00000b7 syscall=280 success=yes exit=21 a0=5 a1=40001af308 a2=90 a3=0 items=0 ppid=599057 pid=599067 auid=4294967295 uid=0 gid=0 euid=0 suid=0 fsuid=0 egid=0 sgid=0 fsgid=0 tty=(none) ses=4294967295 comm="runc" exe="/usr/sbin/runc" subj=unconfined key=(null)ARCH=aarch64 SYSCALL=bpf AUID="unset" UID="root" GID="root" EUID="root" SUID="root" FSUID="root" EGID="root" SGID="root" FSGID="root"
type=PROCTITLE msg=audit(1753973006.234:21769680): proctitle=72756E63002D2D726F6F74002F7661722F72756E2F646F636B65722F72756E74696D652D72756E632F6D6F6279002D2D6C6F67002F72756E2F636F6E7461696E6572642F696F2E636F6E7461696E6572642E72756E74696D652E76322E7461736B2F6D6F62792F65333061666133613131636564303436383431646537336363
type=BPF msg=audit(1753973006.234:21769681): prog-id=2778 op=UNLOAD
type=BPF msg=audit(1753973006.234:21769682): prog-id=2779 op=LOAD
type=SYSCALL msg=audit(1753973006.234:21769682): arch=c00000b7 syscall=280 success=yes exit=21 a0=5 a1=40001af488 a2=90 a3=0 items=0 ppid=599057 pid=599067 auid=4294967295 uid=0 gid=0 euid=0 suid=0 fsuid=0 egid=0 sgid=0 fsgid=0 tty=(none) ses=4294967295 comm="runc" exe="/usr/sbin/runc" subj=unconfined key=(null)ARCH=aarch64 SYSCALL=bpf AUID="unset" UID="root" GID="root" EUID="root" SUID="root" FSUID="root" EGID="root" SGID="root" FSGID="root"
type=PROCTITLE msg=audit(1753973006.234:21769682): proctitle=72756E63002D2D726F6F74002F7661722F72756E2F646F636B65722F72756E74696D652D72756E632F6D6F6279002D2D6C6F67002F72756E2F636F6E7461696E6572642F696F2E636F6E7461696E6572642E72756E74696D652E76322E7461736B2F6D6F62792F65333061666133613131636564303436383431646537336363
type=BPF msg=audit(1753973006.234:21769683): prog-id=2780 op=LOAD
type=SYSCALL msg=audit(1753973006.234:21769683): arch=c00000b7 syscall=280 success=yes exit=23 a0=5 a1=40001af208 a2=90 a3=0 items=0 ppid=599057 pid=599067 auid=4294967295 uid=0 gid=0 euid=0 suid=0 fsuid=0 egid=0 sgid=0 fsgid=0 tty=(none) ses=4294967295 comm="runc" exe="/usr/sbin/runc" subj=unconfined key=(null)ARCH=aarch64 SYSCALL=bpf AUID="unset" UID="root" GID="root" EUID="root" SUID="root" FSUID="root" EGID="root" SGID="root" FSGID="root"
type=PROCTITLE msg=audit(1753973006.234:21769683): proctitle=72756E63002D2D726F6F74002F7661722F72756E2F646F636B65722F72756E74696D652D72756E632F6D6F6279002D2D6C6F67002F72756E2F636F6E7461696E6572642F696F2E636F6E7461696E6572642E72756E74696D652E76322E7461736B2F6D6F62792F65333061666133613131636564303436383431646537336363
type=BPF msg=audit(1753973006.234:21769684): prog-id=2780 op=UNLOAD
type=BPF msg=audit(1753973006.234:21769685): prog-id=2779 op=UNLOAD
type=BPF msg=audit(1753973006.234:21769686): prog-id=2781 op=LOAD
type=SYSCALL msg=audit(1753973006.234:21769686): arch=c00000b7 syscall=280 success=yes exit=21 a0=5 a1=40001af6f8 a2=90 a3=0 items=0 ppid=599057 pid=599067 auid=4294967295 uid=0 gid=0 euid=0 suid=0 fsuid=0 egid=0 sgid=0 fsgid=0 tty=(none) ses=4294967295 comm="runc" exe="/usr/sbin/runc" subj=unconfined key=(null)ARCH=aarch64 SYSCALL=bpf AUID="unset" UID="root" GID="root" EUID="root" SUID="root" FSUID="root" EGID="root" SGID="root" FSGID="root"
type=PROCTITLE msg=audit(1753973006.234:21769686): proctitle=72756E63002D2D726F6F74002F7661722F72756E2F646F636B65722F72756E74696D652D72756E632F6D6F6279002D2D6C6F67002F72756E2F636F6E7461696E6572642F696F2E636F6E7461696E6572642E72756E74696D652E76322E7461736B2F6D6F62792F65333061666133613131636564303436383431646537336363
type=NETFILTER_CFG msg=audit(1753973006.310:21769687): table=nat:2 family=2 entries=2 op=nft_register_chain pid=599093 subj=unconfined comm="iptables"
type=SYSCALL msg=audit(1753973006.310:21769687): arch=c00000b7 syscall=211 success=yes exit=124 a0=3 a1=ffffcf4cc190 a2=0 a3=ffff89f75420 items=0 ppid=1120 pid=599093 auid=4294967295 uid=0 gid=0 euid=0 suid=0 fsuid=0 egid=0 sgid=0 fsgid=0 tty=(none) ses=4294967295 comm="iptables" exe="/usr/sbin/xtables-nft-multi" subj=unconfined key=(null)ARCH=aarch64 SYSCALL=sendmsg AUID="unset" UID="root" GID="root" EUID="root" SUID="root" FSUID="root" EGID="root" SGID="root" FSGID="root"
type=PROCTITLE msg=audit(1753973006.310:21769687): proctitle=2F7573722F7362696E2F69707461626C6573002D2D77616974002D74006E6174002D4E00444F434B45525F4F5554505554
type=NETFILTER_CFG msg=audit(1753973006.314:21769688): table=nat:3 family=2 entries=2 op=nft_register_chain pid=599094 subj=unconfined comm="iptables"
type=SYSCALL msg=audit(1753973006.314:21769688): arch=c00000b7 syscall=211 success=yes exit=396 a0=3 a1=fffff9798f00 a2=0 a3=ffffad784420 items=0 ppid=1120 pid=599094 auid=4294967295 uid=0 gid=0 euid=0 suid=0 fsuid=0 egid=0 sgid=0 fsgid=0 tty=(none) ses=4294967295 comm="iptables" exe="/usr/sbin/xtables-nft-multi" subj=unconfined key=(null)ARCH=aarch64 SYSCALL=sendmsg AUID="unset" UID="root" GID="root" EUID="root" SUID="root" FSUID="root" EGID="root" SGID="root" FSGID="root"
type=PROCTITLE msg=audit(1753973006.314:21769688): proctitle=2F7573722F7362696E2F69707461626C6573002D2D77616974002D74006E6174002D49004F5554505554002D64003132372E302E302E3131002D6A00444F434B45525F4F5554505554
type=NETFILTER_CFG msg=audit(1753973006.314:21769689): table=nat:4 family=2 entries=1 op=nft_register_chain pid=599096 subj=unconfined comm="iptables"
type=SYSCALL msg=audit(1753973006.314:21769689): arch=c00000b7 syscall=211 success=yes exit=100 a0=3 a1=ffffea06b880 a2=0 a3=ffffa532d420 items=0 ppid=1120 pid=599096 auid=4294967295 uid=0 gid=0 euid=0 suid=0 fsuid=0 egid=0 sgid=0 fsgid=0 tty=(none) ses=4294967295 comm="iptables" exe="/usr/sbin/xtables-nft-multi" subj=unconfined key=(null)ARCH=aarch64 SYSCALL=sendmsg AUID="unset" UID="root" GID="root" EUID="root" SUID="root" FSUID="root" EGID="root" SGID="root" FSGID="root"
type=PROCTITLE msg=audit(1753973006.314:21769689): proctitle=2F7573722F7362696E2F69707461626C6573002D2D77616974002D74006E6174002D4E00444F434B45525F504F5354524F5554494E47
type=NETFILTER_CFG msg=audit(1753973006.318:21769690): table=nat:5 family=2 entries=2 op=nft_register_chain pid=599097 subj=unconfined comm="iptables"
type=SYSCALL msg=audit(1753973006.318:21769690): arch=c00000b7 syscall=211 success=yes exit=408 a0=3 a1=ffffc1f37ab0 a2=0 a3=ffffbf159420 items=0 ppid=1120 pid=599097 auid=4294967295 uid=0 gid=0 euid=0 suid=0 fsuid=0 egid=0 sgid=0 fsgid=0 tty=(none) ses=4294967295 comm="iptables" exe="/usr/sbin/xtables-nft-multi" subj=unconfined key=(null)ARCH=aarch64 SYSCALL=sendmsg AUID="unset" UID="root" GID="root" EUID="root" SUID="root" FSUID="root" EGID="root" SGID="root" FSGID="root"
type=PROCTITLE msg=audit(1753973006.318:21769690): proctitle=2F7573722F7362696E2F69707461626C6573002D2D77616974002D74006E6174002D4900504F5354524F5554494E47002D64003132372E302E302E3131002D6A00444F434B45525F504F5354524F5554494E47
type=NETFILTER_CFG msg=audit(1753973006.318:21769691): table=nat:6 family=2 entries=1 op=nft_register_rule pid=599098 subj=unconfined comm="iptables"
type=SYSCALL msg=audit(1753973006.318:21769691): arch=c00000b7 syscall=211 success=yes exit=488 a0=3 a1=fffffc857160 a2=0 a3=ffffa6e67420 items=0 ppid=1120 pid=599098 auid=4294967295 uid=0 gid=0 euid=0 suid=0 fsuid=0 egid=0 sgid=0 fsgid=0 tty=(none) ses=4294967295 comm="iptables" exe="/usr/sbin/xtables-nft-multi" subj=unconfined key=(null)ARCH=aarch64 SYSCALL=sendmsg AUID="unset" UID="root" GID="root" EUID="root" SUID="root" FSUID="root" EGID="root" SGID="root" FSGID="root"
type=PROCTITLE msg=audit(1753973006.318:21769691): proctitle=2F7573722F7362696E2F69707461626C6573002D2D77616974002D74006E6174002D4900444F434B45525F4F5554505554002D64003132372E302E302E3131002D7000756470002D2D64706F7274003533002D6A00444E4154002D2D746F2D64657374696E6174696F6E003132372E302E302E31313A3532323138
type=NETFILTER_CFG msg=audit(1753973006.322:21769692): table=nat:7 family=2 entries=1 op=nft_register_rule pid=599099 subj=unconfined comm="iptables"
type=SYSCALL msg=audit(1753973006.322:21769692): arch=c00000b7 syscall=211 success=yes exit=468 a0=3 a1=ffffeb772990 a2=0 a3=ffffacbb6420 items=0 ppid=1120 pid=599099 auid=4294967295 uid=0 gid=0 euid=0 suid=0 fsuid=0 egid=0 sgid=0 fsgid=0 tty=(none) ses=4294967295 comm="iptables" exe="/usr/sbin/xtables-nft-multi" subj=unconfined key=(null)ARCH=aarch64 SYSCALL=sendmsg AUID="unset" UID="root" GID="root" EUID="root" SUID="root" FSUID="root" EGID="root" SGID="root" FSGID="root"
type=PROCTITLE msg=audit(1753973006.322:21769692): proctitle=2F7573722F7362696E2F69707461626C6573002D2D77616974002D74006E6174002D4900444F434B45525F504F5354524F5554494E47002D73003132372E302E302E3131002D7000756470002D2D73706F7274003532323138002D6A00534E4154002D2D746F2D736F75726365003A3533
type=NETFILTER_CFG msg=audit(1753973006.322:21769693): table=nat:8 family=2 entries=1 op=nft_register_rule pid=599100 subj=unconfined comm="iptables"
type=SYSCALL msg=audit(1753973006.322:21769693): arch=c00000b7 syscall=211 success=yes exit=488 a0=3 a1=fffff4ea5b40 a2=0 a3=ffff90f7a420 items=0 ppid=1120 pid=599100 auid=4294967295 uid=0 gid=0 euid=0 suid=0 fsuid=0 egid=0 sgid=0 fsgid=0 tty=(none) ses=4294967295 comm="iptables" exe="/usr/sbin/xtables-nft-multi" subj=unconfined key=(null)ARCH=aarch64 SYSCALL=sendmsg AUID="unset" UID="root" GID="root" EUID="root" SUID="root" FSUID="root" EGID="root" SGID="root" FSGID="root"
type=PROCTITLE msg=audit(1753973006.322:21769693): proctitle=2F7573722F7362696E2F69707461626C6573002D2D77616974002D74006E6174002D4900444F434B45525F4F5554505554002D64003132372E302E302E3131002D7000746370002D2D64706F7274003533002D6A00444E4154002D2D746F2D64657374696E6174696F6E003132372E302E302E31313A3334363339
type=NETFILTER_CFG msg=audit(1753973006.326:21769694): table=nat:9 family=2 entries=1 op=nft_register_rule pid=599101 subj=unconfined comm="iptables"
type=SYSCALL msg=audit(1753973006.326:21769694): arch=c00000b7 syscall=211 success=yes exit=468 a0=3 a1=ffffd20e79c0 a2=0 a3=ffff83598420 items=0 ppid=1120 pid=599101 auid=4294967295 uid=0 gid=0 euid=0 suid=0 fsuid=0 egid=0 sgid=0 fsgid=0 tty=(none) ses=4294967295 comm="iptables" exe="/usr/sbin/xtables-nft-multi" subj=unconfined key=(null)ARCH=aarch64 SYSCALL=sendmsg AUID="unset" UID="root" GID="root" EUID="root" SUID="root" FSUID="root" EGID="root" SGID="root" FSGID="root"
type=PROCTITLE msg=audit(1753973006.326:21769694): proctitle=2F7573722F7362696E2F69707461626C6573002D2D77616974002D74006E6174002D4900444F434B45525F504F5354524F5554494E47002D73003132372E302E302E3131002D7000746370002D2D73706F7274003334363339002D6A00534E4154002D2D746F2D736F75726365003A3533
type=ANOM_PROMISCUOUS msg=audit(1753973039.854:21769695): dev=veth8978082 prom=0 old_prom=256 auid=4294967295 uid=0 gid=0 ses=4294967295AUID="unset" UID="root" GID="root"
type=SYSCALL msg=audit(1753973039.854:21769695): arch=c00000b7 syscall=206 success=yes exit=32 a0=d a1=4000c85160 a2=20 a3=0 items=0 ppid=1 pid=1120 auid=4294967295 uid=0 gid=0 euid=0 suid=0 fsuid=0 egid=0 sgid=0 fsgid=0 tty=(none) ses=4294967295 comm="dockerd" exe="/usr/bin/dockerd" subj=unconfined key=(null)ARCH=aarch64 SYSCALL=sendto AUID="unset" UID="root" GID="root" EUID="root" SUID="root" FSUID="root" EGID="root" SGID="root" FSGID="root"
type=PROCTITLE msg=audit(1753973039.854:21769695): proctitle=2F7573722F62696E2F646F636B657264002D480066643A2F2F002D2D636F6E7461696E6572643D2F72756E2F636F6E7461696E6572642F636F6E7461696E6572642E736F636B
type=BPF msg=audit(1753973039.998:21769696): prog-id=2777 op=UNLOAD
type=BPF msg=audit(1753973039.998:21769697): prog-id=2781 op=UNLOAD
type=ANOM_PROMISCUOUS msg=audit(1753973108.439:21769698): dev=veth5fa2445 prom=0 old_prom=256 auid=4294967295 uid=0 gid=0 ses=4294967295AUID="unset" UID="root" GID="root"
type=SYSCALL msg=audit(1753973108.439:21769698): arch=c00000b7 syscall=206 success=yes exit=32 a0=d a1=400105e240 a2=20 a3=0 items=0 ppid=1 pid=1120 auid=4294967295 uid=0 gid=0 euid=0 suid=0 fsuid=0 egid=0 sgid=0 fsgid=0 tty=(none) ses=4294967295 comm="dockerd" exe="/usr/bin/dockerd" subj=unconfined key=(null)ARCH=aarch64 SYSCALL=sendto AUID="unset" UID="root" GID="root" EUID="root" SUID="root" FSUID="root" EGID="root" SGID="root" FSGID="root"
type=PROCTITLE msg=audit(1753973108.439:21769698): proctitle=2F7573722F62696E2F646F636B657264002D480066643A2F2F002D2D636F6E7461696E6572643D2F72756E2F636F6E7461696E6572642F636F6E7461696E6572642E736F636B
type=BPF msg=audit(1753973108.579:21769699): prog-id=2772 op=UNLOAD
type=BPF msg=audit(1753973108.579:21769700): prog-id=2776 op=UNLOAD
type=USER_ACCT msg=audit(1753973114.994:21769701): pid=599513 uid=1000 auid=1000 ses=3 subj=unconfined msg='op=PAM:accounting grantors=pam_permit acct="jiayi" exe="/usr/bin/sudo" hostname=? addr=? terminal=/dev/pts/31 res=success'UID="jiayi" AUID="jiayi"
type=USER_CMD msg=audit(1753973114.994:21769702): pid=599513 uid=1000 auid=1000 ses=3 subj=unconfined msg='cwd="/home/jiayi/SecurityLogs" cmd=5241532F7363656E6172696F2D73656375726974796C6F67732F736372697074732F6E6574776F726B5F636170747572652E7368202D2D73746F70 exe="/usr/bin/sudo" terminal=pts/31 res=success'UID="jiayi" AUID="jiayi"
type=CRED_REFR msg=audit(1753973114.998:21769703): pid=599513 uid=1000 auid=1000 ses=3 subj=unconfined msg='op=PAM:setcred grantors=pam_permit,pam_cap acct="root" exe="/usr/bin/sudo" hostname=? addr=? terminal=/dev/pts/31 res=success'UID="jiayi" AUID="jiayi"
type=USER_START msg=audit(1753973114.998:21769704): pid=599513 uid=1000 auid=1000 ses=3 subj=unconfined msg='op=PAM:session_open grantors=pam_limits,pam_env,pam_env,pam_permit,pam_umask,pam_unix acct="root" exe="/usr/bin/sudo" hostname=? addr=? terminal=/dev/pts/31 res=success'UID="jiayi" AUID="jiayi"
type=USER_END msg=audit(1753973117.030:21769705): pid=599513 uid=1000 auid=1000 ses=3 subj=unconfined msg='op=PAM:session_close grantors=pam_limits,pam_env,pam_env,pam_permit,pam_umask,pam_unix acct="root" exe="/usr/bin/sudo" hostname=? addr=? terminal=/dev/pts/31 res=success'UID="jiayi" AUID="jiayi"
type=CRED_DISP msg=audit(1753973117.030:21769706): pid=599513 uid=1000 auid=1000 ses=3 subj=unconfined msg='op=PAM:setcred grantors=pam_permit acct="root" exe="/usr/bin/sudo" hostname=? addr=? terminal=/dev/pts/31 res=success'UID="jiayi" AUID="jiayi"
type=USER_ACCT msg=audit(1753973132.062:21769707): pid=599620 uid=1000 auid=1000 ses=3 subj=unconfined msg='op=PAM:accounting grantors=pam_permit acct="jiayi" exe="/usr/bin/sudo" hostname=? addr=? terminal=/dev/pts/31 res=success'UID="jiayi" AUID="jiayi"
type=USER_CMD msg=audit(1753973132.066:21769708): pid=599620 uid=1000 auid=1000 ses=3 subj=unconfined msg='cwd="/home/jiayi/SecurityLogs" cmd=6370202F7661722F6C6F672F61756469742F61756469742E6C6F67205241532F7363656E6172696F2D73656375726974796C6F67732F6F75742F6D697865642D706172616C6C656C2F6175646974642F exe="/usr/bin/sudo" terminal=pts/31 res=success'UID="jiayi" AUID="jiayi"
type=CRED_REFR msg=audit(1753973132.066:21769709): pid=599620 uid=1000 auid=1000 ses=3 subj=unconfined msg='op=PAM:setcred grantors=pam_permit,pam_cap acct="root" exe="/usr/bin/sudo" hostname=? addr=? terminal=/dev/pts/31 res=success'UID="jiayi" AUID="jiayi"
type=USER_START msg=audit(1753973132.066:21769710): pid=599620 uid=1000 auid=1000 ses=3 subj=unconfined msg='op=PAM:session_open grantors=pam_limits,pam_env,pam_env,pam_permit,pam_umask,pam_unix acct="root" exe="/usr/bin/sudo" hostname=? addr=? terminal=/dev/pts/31 res=success'UID="jiayi" AUID="jiayi"
