make --dry-run --always-make --keep-going --print-directory
make: Entering directory '/home/jiayi/SecurityLogs'
echo "\033[0;34m============================================================\033[0m "
echo "\033[0;34mRAS Security Logs Management Makefile\033[0m "
echo "\033[0;34m============================================================\033[0m "
echo ""
echo "\033[0;32mEnvironment Management:\033[0m "
echo "  make start          - Start RAS environment"
echo "  make stop           - Stop RAS environment"
echo "  make restart        - Restart RAS environment"
echo "  make clean          - Stop and clean all data"
echo "  make status         - Show container status"
echo ""
echo "\033[0;32mLogging & Monitoring:\033[0m "
echo "  make logs           - Show container logs"
echo "  make logs-live      - Show live logs"
echo ""
echo "\033[0;32mDay-specific Tasks:\033[0m "
echo "  make day1           - Run Day 1: Docker environment migration"
 
echo "  make day2           - Run Day 2: Attack script realization"
echo "  make day3           - Run Day 3: Benign traffic & log processing"
echo "  make day3-process    - Process existing logs only"
echo "  make day3-process-clean - Process logs with NO classification rules"
echo ""
echo "\033[0;32mUtility Commands:\033[0m "
echo "  make fix-permissions - Fix file permissions"
echo "  make bridges        - Show available network bridges"
echo ""
echo "\033[0;32mAttack Script Commands:\033[0m "
echo "  make attack-help    - Show attack script help"
echo "  make attack-list    - Show attack scenarios file"
echo "  make attack-sql     - Execute SQL injection attacks (lines 5-12)"
echo "  make attack-xss     - Execute XSS attacks (lines 15-20)"
echo "  make attack-traversal - Execute traversal attacks (lines 25-30)"
echo "  make attack-custom  - Execute custom range (START=5 END=10)"
echo ""
echo "\033[0;32mWAF Mode Commands:\033[0m "
echo "  make start-waf      - Start environment in WAF mode"
echo "  make stop-waf       - Stop WAF environment"
echo "  make restart-waf    - Restart WAF environment"
echo "  make attack-waf-sql - Execute SQL injection attacks in WAF mode"
echo "  make attack-waf-xss - Execute XSS attacks in WAF mode"
echo "  make attack-waf-custom - Execute custom range in WAF mode (START=5 END=10)"
echo ""
echo "\033[0;32mAttack Analysis Commands:\033[0m "
echo "  make attack-all-normal - Run all attacks in normal mode"
echo "  make attack-all-waf    - Run all attacks in WAF mode"
echo "  make attack-analyze-normal - Analyze normal mode attack results"
echo "  make attack-analyze-waf    - Analyze WAF mode attack results"
echo "  make attack-full-test     - Complete test (both modes + analysis)"
echo ""
make: Leaving directory '/home/jiayi/SecurityLogs'
 
